[実盤面] 2025-04-13 17:52:26
後手の持駒：
  ９ ８ ７ ６ ５ ４ ３ ２ １
+---------------------------+
|v香v桂v銀v金v玉v金v銀v桂v香|一
| ・v飛 ・ ・ ・ ・ ・v角 ・|二
|v歩v歩v歩v歩v歩v歩v歩v歩v歩|三
| ・ ・ ・ ・ ・ ・ ・ ・ ・|四
| ・ ・ ・ ・ ・ ・ ・ ・ ・|五
| ・ ・ ・ ・ ・ ・ ・ 歩 ・|六
| 歩 歩 歩 歩 歩 歩 歩 ・ 歩|七
| ・ 角 ・ ・ ・ ・ ・ 飛 ・|八
| 香 桂 銀 金 玉 金 銀 桂 香|九
+---------------------------+
先手の持駒：
SFEN: lnsgkgsnl/1r5b1/ppppppppp/9/9/7P1/PPPPPPP1P/1B5R1/LNSGKGSNL w - 2
==================================================
[実盤面] 2025-04-13 17:52:30
後手の持駒：
  ９ ８ ７ ６ ５ ４ ３ ２ １
+---------------------------+
|v香v桂v銀v金v玉v金v銀v桂v香|一
| ・v飛 ・ ・ ・ ・ ・v角 ・|二
|v歩v歩v歩v歩v歩v歩 ・v歩v歩|三
| ・ ・ ・ ・ ・ ・v歩 ・ ・|四
| ・ ・ ・ ・ ・ ・ ・ ・ ・|五
| ・ ・ ・ ・ ・ ・ ・ 歩 ・|六
| 歩 歩 歩 歩 歩 歩 歩 ・ 歩|七
| ・ 角 ・ ・ ・ ・ ・ 飛 ・|八
| 香 桂 銀 金 玉 金 銀 桂 香|九
+---------------------------+
先手の持駒：
SFEN: lnsgkgsnl/1r5b1/pppppp1pp/6p2/9/7P1/PPPPPPP1P/1B5R1/LNSGKGSNL b - 3
==================================================
[実盤面] 2025-04-13 17:52:33
後手の持駒：
  ９ ８ ７ ６ ５ ４ ３ ２ １
+---------------------------+
|v香v桂v銀v金v玉v金v銀v桂v香|一
| ・v飛 ・ ・ ・ ・ ・v角 ・|二
|v歩v歩v歩v歩v歩v歩 ・v歩v歩|三
| ・ ・ ・ ・ ・ ・v歩 ・ ・|四
| ・ ・ ・ ・ ・ ・ ・ ・ ・|五
| ・ ・ 歩 ・ ・ ・ ・ 歩 ・|六
| 歩 歩 ・ 歩 歩 歩 歩 ・ 歩|七
| ・ 角 ・ ・ ・ ・ ・ 飛 ・|八
| 香 桂 銀 金 玉 金 銀 桂 香|九
+---------------------------+
先手の持駒：
SFEN: lnsgkgsnl/1r5b1/pppppp1pp/6p2/9/2P4P1/PP1PPPP1P/1B5R1/LNSGKGSNL w - 4
==================================================
[実盤面] 2025-04-13 17:52:37
後手の持駒：
  ９ ８ ７ ６ ５ ４ ３ ２ １
+---------------------------+
|v香v桂v銀v金v玉v金v銀v桂v香|一
| ・v飛 ・ ・ ・ ・ ・v角 ・|二
|v歩v歩v歩v歩v歩 ・ ・v歩v歩|三
| ・ ・ ・ ・ ・v歩v歩 ・ ・|四
| ・ ・ ・ ・ ・ ・ ・ ・ ・|五
| ・ ・ 歩 ・ ・ ・ ・ 歩 ・|六
| 歩 歩 ・ 歩 歩 歩 歩 ・ 歩|七
| ・ 角 ・ ・ ・ ・ ・ 飛 ・|八
| 香 桂 銀 金 玉 金 銀 桂 香|九
+---------------------------+
先手の持駒：
SFEN: lnsgkgsnl/1r5b1/ppppp2pp/5pp2/9/2P4P1/PP1PPPP1P/1B5R1/LNSGKGSNL b - 5
==================================================
[実盤面] 2025-04-13 17:52:41
後手の持駒：
  ９ ８ ７ ６ ５ ４ ３ ２ １
+---------------------------+
|v香v桂v銀v金v玉v金v銀v桂v香|一
| ・v飛 ・ ・ ・ ・ ・v角 ・|二
|v歩v歩v歩v歩v歩 ・ ・v歩v歩|三
| ・ ・ ・ ・ ・v歩v歩 ・ ・|四
| ・ ・ ・ ・ ・ ・ ・ 歩 ・|五
| ・ ・ 歩 ・ ・ ・ ・ ・ ・|六
| 歩 歩 ・ 歩 歩 歩 歩 ・ 歩|七
| ・ 角 ・ ・ ・ ・ ・ 飛 ・|八
| 香 桂 銀 金 玉 金 銀 桂 香|九
+---------------------------+
先手の持駒：
SFEN: lnsgkgsnl/1r5b1/ppppp2pp/5pp2/7P1/2P6/PP1PPPP1P/1B5R1/LNSGKGSNL w - 6
==================================================
[実盤面] 2025-04-13 17:52:44
後手の持駒：
  ９ ８ ７ ６ ５ ４ ３ ２ １
+---------------------------+
|v香v桂v銀v金v玉v金v銀v桂v香|一
| ・v飛 ・ ・ ・ ・ ・ ・ ・|二
|v歩v歩v歩v歩v歩 ・v角v歩v歩|三
| ・ ・ ・ ・ ・v歩v歩 ・ ・|四
| ・ ・ ・ ・ ・ ・ ・ 歩 ・|五
| ・ ・ 歩 ・ ・ ・ ・ ・ ・|六
| 歩 歩 ・ 歩 歩 歩 歩 ・ 歩|七
| ・ 角 ・ ・ ・ ・ ・ 飛 ・|八
| 香 桂 銀 金 玉 金 銀 桂 香|九
+---------------------------+
先手の持駒：
SFEN: lnsgkgsnl/1r7/ppppp1bpp/5pp2/7P1/2P6/PP1PPPP1P/1B5R1/LNSGKGSNL b - 7
==================================================
[実盤面] 2025-04-13 17:52:49
後手の持駒：
  ９ ８ ７ ６ ５ ４ ３ ２ １
+---------------------------+
|v香v桂v銀v金v玉v金v銀v桂v香|一
| ・v飛 ・ ・ ・ ・ ・ ・ ・|二
|v歩v歩v歩v歩v歩 ・v角v歩v歩|三
| ・ ・ ・ ・ ・v歩v歩 ・ ・|四
| ・ ・ ・ ・ ・ ・ ・ 歩 ・|五
| ・ ・ 歩 ・ ・ ・ 歩 ・ ・|六
| 歩 歩 ・ 歩 歩 歩 ・ ・ 歩|七
| ・ 角 ・ ・ ・ ・ ・ 飛 ・|八
| 香 桂 銀 金 玉 金 銀 桂 香|九
+---------------------------+
先手の持駒：
SFEN: lnsgkgsnl/1r7/ppppp1bpp/5pp2/7P1/2P3P2/PP1PPP2P/1B5R1/LNSGKGSNL w - 8
==================================================
[実盤面] 2025-04-13 17:52:53
後手の持駒：
  ９ ８ ７ ６ ５ ４ ３ ２ １
+---------------------------+
|v香v桂v銀v金v玉v金v銀v桂v香|一
| ・ ・ ・ ・ ・ ・v飛 ・ ・|二
|v歩v歩v歩v歩v歩 ・v角v歩v歩|三
| ・ ・ ・ ・ ・v歩v歩 ・ ・|四
| ・ ・ ・ ・ ・ ・ ・ 歩 ・|五
| ・ ・ 歩 ・ ・ ・ 歩 ・ ・|六
| 歩 歩 ・ 歩 歩 歩 ・ ・ 歩|七
| ・ 角 ・ ・ ・ ・ ・ 飛 ・|八
| 香 桂 銀 金 玉 金 銀 桂 香|九
+---------------------------+
先手の持駒：
SFEN: lnsgkgsnl/6r2/ppppp1bpp/5pp2/7P1/2P3P2/PP1PPP2P/1B5R1/LNSGKGSNL b - 9
==================================================
[実盤面] 2025-04-13 17:52:58
後手の持駒：
  ９ ８ ７ ６ ５ ４ ３ ２ １
+---------------------------+
|v香v桂v銀v金v玉v金v銀v桂v香|一
| ・ ・ ・ ・ ・ ・v飛 ・ ・|二
|v歩v歩v歩v歩v歩 ・v角v歩v歩|三
| ・ ・ ・ ・ ・v歩v歩 ・ ・|四
| ・ ・ ・ ・ ・ ・ ・ 歩 ・|五
| ・ ・ 歩 ・ ・ ・ 歩 ・ ・|六
| 歩 歩 ・ 歩 歩 歩 ・ ・ 歩|七
| ・ 角 ・ ・ ・ ・ 銀 飛 ・|八
| 香 桂 銀 金 玉 金 ・ 桂 香|九
+---------------------------+
先手の持駒：
SFEN: lnsgkgsnl/6r2/ppppp1bpp/5pp2/7P1/2P3P2/PP1PPP2P/1B4SR1/LNSGKG1NL w - 10
==================================================
[実盤面] 2025-04-13 17:53:02
後手の持駒：
  ９ ８ ７ ６ ５ ４ ３ ２ １
+---------------------------+
|v香v桂v銀v金v玉v金v銀v桂v香|一
| ・ ・ ・ ・ ・ ・v飛 ・ ・|二
| ・v歩v歩v歩v歩 ・v角v歩v歩|三
|v歩 ・ ・ ・ ・v歩v歩 ・ ・|四
| ・ ・ ・ ・ ・ ・ ・ 歩 ・|五
| ・ ・ 歩 ・ ・ ・ 歩 ・ ・|六
| 歩 歩 ・ 歩 歩 歩 ・ ・ 歩|七
| ・ 角 ・ ・ ・ ・ 銀 飛 ・|八
| 香 桂 銀 金 玉 金 ・ 桂 香|九
+---------------------------+
先手の持駒：
SFEN: lnsgkgsnl/6r2/1pppp1bpp/p4pp2/7P1/2P3P2/PP1PPP2P/1B4SR1/LNSGKG1NL b - 11
==================================================
[実盤面] 2025-04-13 17:53:05
後手の持駒：
  ９ ８ ７ ６ ５ ４ ３ ２ １
+---------------------------+
|v香v桂v銀v金v玉v金v銀v桂v香|一
| ・ ・ ・ ・ ・ ・v飛 ・ ・|二
| ・v歩v歩v歩v歩 ・v角v歩v歩|三
|v歩 ・ ・ ・ ・v歩v歩 ・ ・|四
| ・ ・ ・ ・ ・ ・ ・ 歩 ・|五
| 歩 ・ 歩 ・ ・ ・ 歩 ・ ・|六
| ・ 歩 ・ 歩 歩 歩 ・ ・ 歩|七
| ・ 角 ・ ・ ・ ・ 銀 飛 ・|八
| 香 桂 銀 金 玉 金 ・ 桂 香|九
+---------------------------+
先手の持駒：
SFEN: lnsgkgsnl/6r2/1pppp1bpp/p4pp2/7P1/P1P3P2/1P1PPP2P/1B4SR1/LNSGKG1NL w - 12
==================================================
[実盤面] 2025-04-13 17:53:10
後手の持駒：
  ９ ８ ７ ６ ５ ４ ３ ２ １
+---------------------------+
|v香v桂v銀v金 ・v金v銀v桂v香|一
| ・ ・ ・v玉 ・ ・v飛 ・ ・|二
| ・v歩v歩v歩v歩 ・v角v歩v歩|三
|v歩 ・ ・ ・ ・v歩v歩 ・ ・|四
| ・ ・ ・ ・ ・ ・ ・ 歩 ・|五
| 歩 ・ 歩 ・ ・ ・ 歩 ・ ・|六
| ・ 歩 ・ 歩 歩 歩 ・ ・ 歩|七
| ・ 角 ・ ・ ・ ・ 銀 飛 ・|八
| 香 桂 銀 金 玉 金 ・ 桂 香|九
+---------------------------+
先手の持駒：
SFEN: lnsg1gsnl/3k2r2/1pppp1bpp/p4pp2/7P1/P1P3P2/1P1PPP2P/1B4SR1/LNSGKG1NL b - 13
==================================================
[実盤面] 2025-04-13 17:53:14
後手の持駒：
  ９ ８ ７ ６ ５ ４ ３ ２ １
+---------------------------+
|v香v桂v銀v金 ・v金v銀v桂v香|一
| ・ ・ ・v玉 ・ ・v飛 ・ ・|二
| ・v歩v歩v歩v歩 ・v角v歩v歩|三
|v歩 ・ ・ ・ ・v歩v歩 ・ ・|四
| ・ ・ ・ ・ ・ ・ ・ 歩 ・|五
| 歩 ・ 歩 ・ ・ ・ 歩 ・ ・|六
| ・ 歩 ・ 歩 歩 歩 ・ ・ 歩|七
| ・ 角 ・ 玉 ・ ・ 銀 飛 ・|八
| 香 桂 銀 金 ・ 金 ・ 桂 香|九
+---------------------------+
先手の持駒：
SFEN: lnsg1gsnl/3k2r2/1pppp1bpp/p4pp2/7P1/P1P3P2/1P1PPP2P/1B1K2SR1/LNSG1G1NL w - 14
==================================================
[実盤面] 2025-04-13 17:53:19
後手の持駒：
  ９ ８ ７ ６ ５ ４ ３ ２ １
+---------------------------+
|v香v桂v銀v金 ・v金 ・v桂v香|一
| ・ ・ ・v玉 ・v銀v飛 ・ ・|二
| ・v歩v歩v歩v歩 ・v角v歩v歩|三
|v歩 ・ ・ ・ ・v歩v歩 ・ ・|四
| ・ ・ ・ ・ ・ ・ ・ 歩 ・|五
| 歩 ・ 歩 ・ ・ ・ 歩 ・ ・|六
| ・ 歩 ・ 歩 歩 歩 ・ ・ 歩|七
| ・ 角 ・ 玉 ・ ・ 銀 飛 ・|八
| 香 桂 銀 金 ・ 金 ・ 桂 香|九
+---------------------------+
先手の持駒：
SFEN: lnsg1g1nl/3k1sr2/1pppp1bpp/p4pp2/7P1/P1P3P2/1P1PPP2P/1B1K2SR1/LNSG1G1NL b - 15
==================================================
[実盤面] 2025-04-13 17:53:22
後手の持駒：
  ９ ８ ７ ６ ５ ４ ３ ２ １
+---------------------------+
|v香v桂v銀v金 ・v金 ・v桂v香|一
| ・ ・ ・v玉 ・v銀v飛 ・ ・|二
| ・v歩v歩v歩v歩 ・v角v歩v歩|三
|v歩 ・ ・ ・ ・v歩v歩 ・ ・|四
| ・ ・ ・ ・ ・ ・ ・ 歩 ・|五
| 歩 ・ 歩 ・ ・ ・ 歩 ・ ・|六
| ・ 歩 ・ 歩 歩 歩 銀 ・ 歩|七
| ・ 角 ・ 玉 ・ ・ ・ 飛 ・|八
| 香 桂 銀 金 ・ 金 ・ 桂 香|九
+---------------------------+
先手の持駒：
SFEN: lnsg1g1nl/3k1sr2/1pppp1bpp/p4pp2/7P1/P1P3P2/1P1PPPS1P/1B1K3R1/LNSG1G1NL w - 16
==================================================
[実盤面] 2025-04-13 17:53:27
後手の持駒：
  ９ ８ ７ ６ ５ ４ ３ ２ １
+---------------------------+
|v香v桂v銀v金 ・v金 ・v桂v香|一
| ・ ・v玉 ・ ・v銀v飛 ・ ・|二
| ・v歩v歩v歩v歩 ・v角v歩v歩|三
|v歩 ・ ・ ・ ・v歩v歩 ・ ・|四
| ・ ・ ・ ・ ・ ・ ・ 歩 ・|五
| 歩 ・ 歩 ・ ・ ・ 歩 ・ ・|六
| ・ 歩 ・ 歩 歩 歩 銀 ・ 歩|七
| ・ 角 ・ 玉 ・ ・ ・ 飛 ・|八
| 香 桂 銀 金 ・ 金 ・ 桂 香|九
+---------------------------+
先手の持駒：
SFEN: lnsg1g1nl/2k2sr2/1pppp1bpp/p4pp2/7P1/P1P3P2/1P1PPPS1P/1B1K3R1/LNSG1G1NL b - 17
==================================================
[実盤面] 2025-04-13 17:53:32
後手の持駒：
  ９ ８ ７ ６ ５ ４ ３ ２ １
+---------------------------+
|v香v桂v銀v金 ・v金 ・v桂v香|一
| ・ ・v玉 ・ ・v銀v飛 ・ ・|二
| ・v歩v歩v歩v歩 ・v角v歩v歩|三
|v歩 ・ ・ ・ ・v歩v歩 ・ ・|四
| ・ ・ ・ ・ ・ ・ ・ 歩 ・|五
| 歩 ・ 歩 ・ ・ ・ 歩 ・ ・|六
| ・ 歩 ・ 歩 歩 歩 銀 ・ 歩|七
| ・ 角 ・ 玉 ・ ・ 飛 ・ ・|八
| 香 桂 銀 金 ・ 金 ・ 桂 香|九
+---------------------------+
先手の持駒：
SFEN: lnsg1g1nl/2k2sr2/1pppp1bpp/p4pp2/7P1/P1P3P2/1P1PPPS1P/1B1K2R2/LNSG1G1NL w - 18
==================================================
[実盤面] 2025-04-13 17:53:36
後手の持駒：
  ９ ８ ７ ６ ５ ４ ３ ２ １
+---------------------------+
|v香v桂v銀v金 ・v金 ・v桂v香|一
| ・ ・v玉 ・ ・ ・v飛 ・ ・|二
| ・v歩v歩v歩v歩v銀v角v歩v歩|三
|v歩 ・ ・ ・ ・v歩v歩 ・ ・|四
| ・ ・ ・ ・ ・ ・ ・ 歩 ・|五
| 歩 ・ 歩 ・ ・ ・ 歩 ・ ・|六
| ・ 歩 ・ 歩 歩 歩 銀 ・ 歩|七
| ・ 角 ・ 玉 ・ ・ 飛 ・ ・|八
| 香 桂 銀 金 ・ 金 ・ 桂 香|九
+---------------------------+
先手の持駒：
SFEN: lnsg1g1nl/2k3r2/1ppppsbpp/p4pp2/7P1/P1P3P2/1P1PPPS1P/1B1K2R2/LNSG1G1NL b - 19
==================================================
[実盤面] 2025-04-13 17:53:39
後手の持駒：
  ９ ８ ７ ６ ５ ４ ３ ２ １
+---------------------------+
|v香v桂v銀v金 ・v金 ・v桂v香|一
| ・ ・v玉 ・ ・ ・v飛 ・ ・|二
| ・v歩v歩v歩v歩v銀v角v歩v歩|三
|v歩 ・ ・ ・ ・v歩v歩 ・ ・|四
| ・ ・ ・ ・ ・ ・ ・ 歩 ・|五
| 歩 ・ 歩 ・ ・ ・ 歩 ・ ・|六
| ・ 歩 ・ 歩 歩 歩 銀 ・ 歩|七
| ・ 角 玉 ・ ・ ・ 飛 ・ ・|八
| 香 桂 銀 金 ・ 金 ・ 桂 香|九
+---------------------------+
先手の持駒：
SFEN: lnsg1g1nl/2k3r2/1ppppsbpp/p4pp2/7P1/P1P3P2/1P1PPPS1P/1BK3R2/LNSG1G1NL w - 20
==================================================
[実盤面] 2025-04-13 17:53:43
後手の持駒：
  ９ ８ ７ ６ ５ ４ ３ ２ １
+---------------------------+
|v香v桂v銀v金 ・v金 ・v桂v香|一
| ・ ・v玉 ・ ・v角v飛 ・ ・|二
| ・v歩v歩v歩v歩v銀 ・v歩v歩|三
|v歩 ・ ・ ・ ・v歩v歩 ・ ・|四
| ・ ・ ・ ・ ・ ・ ・ 歩 ・|五
| 歩 ・ 歩 ・ ・ ・ 歩 ・ ・|六
| ・ 歩 ・ 歩 歩 歩 銀 ・ 歩|七
| ・ 角 玉 ・ ・ ・ 飛 ・ ・|八
| 香 桂 銀 金 ・ 金 ・ 桂 香|九
+---------------------------+
先手の持駒：
SFEN: lnsg1g1nl/2k2br2/1pppps1pp/p4pp2/7P1/P1P3P2/1P1PPPS1P/1BK3R2/LNSG1G1NL b - 21
==================================================
[実盤面] 2025-04-13 17:53:47
後手の持駒：
  ９ ８ ７ ６ ５ ４ ３ ２ １
+---------------------------+
|v香v桂v銀v金 ・v金 ・v桂v香|一
| ・ ・v玉 ・ ・v角v飛 ・ ・|二
| ・v歩v歩v歩v歩v銀 ・v歩v歩|三
|v歩 ・ ・ ・ ・v歩v歩 ・ ・|四
| ・ ・ ・ ・ ・ ・ ・ 歩 ・|五
| 歩 ・ 歩 ・ ・ 銀 歩 ・ ・|六
| ・ 歩 ・ 歩 歩 歩 ・ ・ 歩|七
| ・ 角 玉 ・ ・ ・ 飛 ・ ・|八
| 香 桂 銀 金 ・ 金 ・ 桂 香|九
+---------------------------+
先手の持駒：
SFEN: lnsg1g1nl/2k2br2/1pppps1pp/p4pp2/7P1/P1P2SP2/1P1PPP2P/1BK3R2/LNSG1G1NL w - 22
==================================================
[実盤面] 2025-04-13 17:53:50
後手の持駒：
  ９ ８ ７ ６ ５ ４ ３ ２ １
+---------------------------+
|v香v桂v銀v金 ・v金 ・v桂v香|一
| ・ ・v玉 ・ ・v角v飛 ・ ・|二
| ・v歩v歩v歩 ・v銀 ・v歩v歩|三
|v歩 ・ ・ ・v歩v歩v歩 ・ ・|四
| ・ ・ ・ ・ ・ ・ ・ 歩 ・|五
| 歩 ・ 歩 ・ ・ 銀 歩 ・ ・|六
| ・ 歩 ・ 歩 歩 歩 ・ ・ 歩|七
| ・ 角 玉 ・ ・ ・ 飛 ・ ・|八
| 香 桂 銀 金 ・ 金 ・ 桂 香|九
+---------------------------+
先手の持駒：
SFEN: lnsg1g1nl/2k2br2/1ppp1s1pp/p3ppp2/7P1/P1P2SP2/1P1PPP2P/1BK3R2/LNSG1G1NL b - 23
==================================================
[実盤面] 2025-04-13 17:53:55
後手の持駒：
  ９ ８ ７ ６ ５ ４ ３ ２ １
+---------------------------+
|v香v桂v銀v金 ・v金 ・v桂v香|一
| ・ ・v玉 ・ ・v角v飛 ・ ・|二
| ・v歩v歩v歩 ・v銀 ・v歩v歩|三
|v歩 ・ ・ ・v歩 ・v歩 ・ ・|四
| ・ ・ ・ ・ ・ 歩 ・ 歩 ・|五
| 歩 ・ 歩 ・ ・ 銀 歩 ・ ・|六
| ・ 歩 ・ 歩 歩 歩 ・ ・ 歩|七
| ・ 角 玉 ・ ・ ・ 飛 ・ ・|八
| 香 桂 銀 金 ・ 金 ・ 桂 香|九
+---------------------------+
先手の持駒：
SFEN: lnsg1g1nl/2k2br2/1ppp1s1pp/p3p1p2/5P1P1/P1P2SP2/1P1PPP2P/1BK3R2/LNSG1G1NL w - 24
==================================================
[実盤面] 2025-04-13 18:02:45
後手の持駒：
  ９ ８ ７ ６ ５ ４ ３ ２ １
+---------------------------+
|v香v桂v銀v金v玉v金v銀v桂v香|一
| ・v飛 ・ ・ ・ ・ ・v角 ・|二
|v歩v歩v歩v歩v歩v歩v歩v歩v歩|三
| ・ ・ ・ ・ ・ ・ ・ ・ ・|四
| ・ ・ ・ ・ ・ ・ ・ ・ ・|五
| ・ ・ ・ ・ ・ ・ ・ 歩 ・|六
| 歩 歩 歩 歩 歩 歩 歩 ・ 歩|七
| ・ 角 ・ ・ ・ ・ ・ 飛 ・|八
| 香 桂 銀 金 玉 金 銀 桂 香|九
+---------------------------+
先手の持駒：
SFEN: lnsgkgsnl/1r5b1/ppppppppp/9/9/7P1/PPPPPPP1P/1B5R1/LNSGKGSNL w - 2
==================================================
[実盤面] 2025-04-13 18:05:27
後手の持駒：
  ９ ８ ７ ６ ５ ４ ３ ２ １
+---------------------------+
|v香v桂v銀v金v玉v金v銀v桂v香|一
| ・v飛 ・ ・ ・ ・ ・v角 ・|二
|v歩v歩v歩v歩v歩v歩v歩v歩v歩|三
| ・ ・ ・ ・ ・ ・ ・ ・ ・|四
| ・ ・ ・ ・ ・ ・ ・ ・ ・|五
| ・ ・ ・ ・ ・ ・ ・ 歩 ・|六
| 歩 歩 歩 歩 歩 歩 歩 ・ 歩|七
| ・ 角 ・ ・ ・ ・ ・ 飛 ・|八
| 香 桂 銀 金 玉 金 銀 桂 香|九
+---------------------------+
先手の持駒：
SFEN: lnsgkgsnl/1r5b1/ppppppppp/9/9/7P1/PPPPPPP1P/1B5R1/LNSGKGSNL w - 2
==================================================
[実盤面] 2025-04-13 18:05:31
後手の持駒：
  ９ ８ ７ ６ ５ ４ ３ ２ １
+---------------------------+
|v香v桂v銀v金v玉v金v銀v桂v香|一
| ・v飛 ・ ・ ・ ・ ・v角 ・|二
|v歩v歩v歩v歩v歩v歩 ・v歩v歩|三
| ・ ・ ・ ・ ・ ・v歩 ・ ・|四
| ・ ・ ・ ・ ・ ・ ・ ・ ・|五
| ・ ・ ・ ・ ・ ・ ・ 歩 ・|六
| 歩 歩 歩 歩 歩 歩 歩 ・ 歩|七
| ・ 角 ・ ・ ・ ・ ・ 飛 ・|八
| 香 桂 銀 金 玉 金 銀 桂 香|九
+---------------------------+
先手の持駒：
SFEN: lnsgkgsnl/1r5b1/pppppp1pp/6p2/9/7P1/PPPPPPP1P/1B5R1/LNSGKGSNL b - 3
==================================================
[実盤面] 2025-04-13 18:05:34
後手の持駒：
  ９ ８ ７ ６ ５ ４ ３ ２ １
+---------------------------+
|v香v桂v銀v金v玉v金v銀v桂v香|一
| ・v飛 ・ ・ ・ ・ ・v角 ・|二
|v歩v歩v歩v歩v歩v歩 ・v歩v歩|三
| ・ ・ ・ ・ ・ ・v歩 ・ ・|四
| ・ ・ ・ ・ ・ ・ ・ ・ ・|五
| ・ ・ 歩 ・ ・ ・ ・ 歩 ・|六
| 歩 歩 ・ 歩 歩 歩 歩 ・ 歩|七
| ・ 角 ・ ・ ・ ・ ・ 飛 ・|八
| 香 桂 銀 金 玉 金 銀 桂 香|九
+---------------------------+
先手の持駒：
SFEN: lnsgkgsnl/1r5b1/pppppp1pp/6p2/9/2P4P1/PP1PPPP1P/1B5R1/LNSGKGSNL w - 4
==================================================
[実盤面] 2025-04-13 18:05:38
後手の持駒：
  ９ ８ ７ ６ ５ ４ ３ ２ １
+---------------------------+
|v香v桂v銀v金v玉v金v銀v桂v香|一
| ・v飛 ・ ・ ・ ・ ・v角 ・|二
|v歩v歩v歩v歩v歩 ・ ・v歩v歩|三
| ・ ・ ・ ・ ・v歩v歩 ・ ・|四
| ・ ・ ・ ・ ・ ・ ・ ・ ・|五
| ・ ・ 歩 ・ ・ ・ ・ 歩 ・|六
| 歩 歩 ・ 歩 歩 歩 歩 ・ 歩|七
| ・ 角 ・ ・ ・ ・ ・ 飛 ・|八
| 香 桂 銀 金 玉 金 銀 桂 香|九
+---------------------------+
先手の持駒：
SFEN: lnsgkgsnl/1r5b1/ppppp2pp/5pp2/9/2P4P1/PP1PPPP1P/1B5R1/LNSGKGSNL b - 5
==================================================
[実盤面] 2025-04-13 18:05:42
後手の持駒：
  ９ ８ ７ ６ ５ ４ ３ ２ １
+---------------------------+
|v香v桂v銀v金v玉v金v銀v桂v香|一
| ・v飛 ・ ・ ・ ・ ・v角 ・|二
|v歩v歩v歩v歩v歩 ・ ・v歩v歩|三
| ・ ・ ・ ・ ・v歩v歩 ・ ・|四
| ・ ・ ・ ・ ・ ・ ・ 歩 ・|五
| ・ ・ 歩 ・ ・ ・ ・ ・ ・|六
| 歩 歩 ・ 歩 歩 歩 歩 ・ 歩|七
| ・ 角 ・ ・ ・ ・ ・ 飛 ・|八
| 香 桂 銀 金 玉 金 銀 桂 香|九
+---------------------------+
先手の持駒：
SFEN: lnsgkgsnl/1r5b1/ppppp2pp/5pp2/7P1/2P6/PP1PPPP1P/1B5R1/LNSGKGSNL w - 6
==================================================
[実盤面] 2025-04-13 18:05:45
後手の持駒：
  ９ ８ ７ ６ ５ ４ ３ ２ １
+---------------------------+
|v香v桂v銀v金v玉v金v銀v桂v香|一
| ・v飛 ・ ・ ・ ・ ・ ・ ・|二
|v歩v歩v歩v歩v歩 ・v角v歩v歩|三
| ・ ・ ・ ・ ・v歩v歩 ・ ・|四
| ・ ・ ・ ・ ・ ・ ・ 歩 ・|五
| ・ ・ 歩 ・ ・ ・ ・ ・ ・|六
| 歩 歩 ・ 歩 歩 歩 歩 ・ 歩|七
| ・ 角 ・ ・ ・ ・ ・ 飛 ・|八
| 香 桂 銀 金 玉 金 銀 桂 香|九
+---------------------------+
先手の持駒：
SFEN: lnsgkgsnl/1r7/ppppp1bpp/5pp2/7P1/2P6/PP1PPPP1P/1B5R1/LNSGKGSNL b - 7
==================================================
[実盤面] 2025-04-13 18:05:50
後手の持駒：
  ９ ８ ７ ６ ５ ４ ３ ２ １
+---------------------------+
|v香v桂v銀v金v玉v金v銀v桂v香|一
| ・v飛 ・ ・ ・ ・ ・ ・ ・|二
|v歩v歩v歩v歩v歩 ・v角v歩v歩|三
| ・ ・ ・ ・ ・v歩v歩 ・ ・|四
| ・ ・ ・ ・ ・ ・ ・ 歩 ・|五
| ・ ・ 歩 ・ ・ ・ 歩 ・ ・|六
| 歩 歩 ・ 歩 歩 歩 ・ ・ 歩|七
| ・ 角 ・ ・ ・ ・ ・ 飛 ・|八
| 香 桂 銀 金 玉 金 銀 桂 香|九
+---------------------------+
先手の持駒：
SFEN: lnsgkgsnl/1r7/ppppp1bpp/5pp2/7P1/2P3P2/PP1PPP2P/1B5R1/LNSGKGSNL w - 8
==================================================
[実盤面] 2025-04-13 18:05:54
後手の持駒：
  ９ ８ ７ ６ ５ ４ ３ ２ １
+---------------------------+
|v香v桂v銀v金v玉v金v銀v桂v香|一
| ・ ・ ・ ・ ・ ・v飛 ・ ・|二
|v歩v歩v歩v歩v歩 ・v角v歩v歩|三
| ・ ・ ・ ・ ・v歩v歩 ・ ・|四
| ・ ・ ・ ・ ・ ・ ・ 歩 ・|五
| ・ ・ 歩 ・ ・ ・ 歩 ・ ・|六
| 歩 歩 ・ 歩 歩 歩 ・ ・ 歩|七
| ・ 角 ・ ・ ・ ・ ・ 飛 ・|八
| 香 桂 銀 金 玉 金 銀 桂 香|九
+---------------------------+
先手の持駒：
SFEN: lnsgkgsnl/6r2/ppppp1bpp/5pp2/7P1/2P3P2/PP1PPP2P/1B5R1/LNSGKGSNL b - 9
==================================================
[実盤面] 2025-04-13 18:05:59
後手の持駒：
  ９ ８ ７ ６ ５ ４ ３ ２ １
+---------------------------+
|v香v桂v銀v金v玉v金v銀v桂v香|一
| ・ ・ ・ ・ ・ ・v飛 ・ ・|二
|v歩v歩v歩v歩v歩 ・v角v歩v歩|三
| ・ ・ ・ ・ ・v歩v歩 ・ ・|四
| ・ ・ ・ ・ ・ ・ ・ 歩 ・|五
| ・ ・ 歩 ・ ・ ・ 歩 ・ ・|六
| 歩 歩 ・ 歩 歩 歩 ・ ・ 歩|七
| ・ 角 ・ ・ ・ ・ 銀 飛 ・|八
| 香 桂 銀 金 玉 金 ・ 桂 香|九
+---------------------------+
先手の持駒：
SFEN: lnsgkgsnl/6r2/ppppp1bpp/5pp2/7P1/2P3P2/PP1PPP2P/1B4SR1/LNSGKG1NL w - 10
==================================================
[実盤面] 2025-04-13 18:06:03
後手の持駒：
  ９ ８ ７ ６ ５ ４ ３ ２ １
+---------------------------+
|v香v桂v銀v金v玉v金v銀v桂v香|一
| ・ ・ ・ ・ ・ ・v飛 ・ ・|二
| ・v歩v歩v歩v歩 ・v角v歩v歩|三
|v歩 ・ ・ ・ ・v歩v歩 ・ ・|四
| ・ ・ ・ ・ ・ ・ ・ 歩 ・|五
| ・ ・ 歩 ・ ・ ・ 歩 ・ ・|六
| 歩 歩 ・ 歩 歩 歩 ・ ・ 歩|七
| ・ 角 ・ ・ ・ ・ 銀 飛 ・|八
| 香 桂 銀 金 玉 金 ・ 桂 香|九
+---------------------------+
先手の持駒：
SFEN: lnsgkgsnl/6r2/1pppp1bpp/p4pp2/7P1/2P3P2/PP1PPP2P/1B4SR1/LNSGKG1NL b - 11
==================================================
[実盤面] 2025-04-13 18:06:06
後手の持駒：
  ９ ８ ７ ６ ５ ４ ３ ２ １
+---------------------------+
|v香v桂v銀v金v玉v金v銀v桂v香|一
| ・ ・ ・ ・ ・ ・v飛 ・ ・|二
| ・v歩v歩v歩v歩 ・v角v歩v歩|三
|v歩 ・ ・ ・ ・v歩v歩 ・ ・|四
| ・ ・ ・ ・ ・ ・ ・ 歩 ・|五
| 歩 ・ 歩 ・ ・ ・ 歩 ・ ・|六
| ・ 歩 ・ 歩 歩 歩 ・ ・ 歩|七
| ・ 角 ・ ・ ・ ・ 銀 飛 ・|八
| 香 桂 銀 金 玉 金 ・ 桂 香|九
+---------------------------+
先手の持駒：
SFEN: lnsgkgsnl/6r2/1pppp1bpp/p4pp2/7P1/P1P3P2/1P1PPP2P/1B4SR1/LNSGKG1NL w - 12
==================================================
[実盤面] 2025-04-13 18:06:11
後手の持駒：
  ９ ８ ７ ６ ５ ４ ３ ２ １
+---------------------------+
|v香v桂v銀v金 ・v金v銀v桂v香|一
| ・ ・ ・v玉 ・ ・v飛 ・ ・|二
| ・v歩v歩v歩v歩 ・v角v歩v歩|三
|v歩 ・ ・ ・ ・v歩v歩 ・ ・|四
| ・ ・ ・ ・ ・ ・ ・ 歩 ・|五
| 歩 ・ 歩 ・ ・ ・ 歩 ・ ・|六
| ・ 歩 ・ 歩 歩 歩 ・ ・ 歩|七
| ・ 角 ・ ・ ・ ・ 銀 飛 ・|八
| 香 桂 銀 金 玉 金 ・ 桂 香|九
+---------------------------+
先手の持駒：
SFEN: lnsg1gsnl/3k2r2/1pppp1bpp/p4pp2/7P1/P1P3P2/1P1PPP2P/1B4SR1/LNSGKG1NL b - 13
==================================================
[実盤面] 2025-04-13 18:06:14
後手の持駒：
  ９ ８ ７ ６ ５ ４ ３ ２ １
+---------------------------+
|v香v桂v銀v金 ・v金v銀v桂v香|一
| ・ ・ ・v玉 ・ ・v飛 ・ ・|二
| ・v歩v歩v歩v歩 ・v角v歩v歩|三
|v歩 ・ ・ ・ ・v歩v歩 ・ ・|四
| ・ ・ ・ ・ ・ ・ ・ 歩 ・|五
| 歩 ・ 歩 ・ ・ ・ 歩 ・ ・|六
| ・ 歩 ・ 歩 歩 歩 ・ ・ 歩|七
| ・ 角 ・ 玉 ・ ・ 銀 飛 ・|八
| 香 桂 銀 金 ・ 金 ・ 桂 香|九
+---------------------------+
先手の持駒：
SFEN: lnsg1gsnl/3k2r2/1pppp1bpp/p4pp2/7P1/P1P3P2/1P1PPP2P/1B1K2SR1/LNSG1G1NL w - 14
==================================================
[実盤面] 2025-04-13 18:06:20
後手の持駒：
  ９ ８ ７ ６ ５ ４ ３ ２ １
+---------------------------+
|v香v桂v銀v金 ・v金 ・v桂v香|一
| ・ ・ ・v玉 ・v銀v飛 ・ ・|二
| ・v歩v歩v歩v歩 ・v角v歩v歩|三
|v歩 ・ ・ ・ ・v歩v歩 ・ ・|四
| ・ ・ ・ ・ ・ ・ ・ 歩 ・|五
| 歩 ・ 歩 ・ ・ ・ 歩 ・ ・|六
| ・ 歩 ・ 歩 歩 歩 ・ ・ 歩|七
| ・ 角 ・ 玉 ・ ・ 銀 飛 ・|八
| 香 桂 銀 金 ・ 金 ・ 桂 香|九
+---------------------------+
先手の持駒：
SFEN: lnsg1g1nl/3k1sr2/1pppp1bpp/p4pp2/7P1/P1P3P2/1P1PPP2P/1B1K2SR1/LNSG1G1NL b - 15
==================================================
[実盤面] 2025-04-13 18:06:23
後手の持駒：
  ９ ８ ７ ６ ５ ４ ３ ２ １
+---------------------------+
|v香v桂v銀v金 ・v金 ・v桂v香|一
| ・ ・ ・v玉 ・v銀v飛 ・ ・|二
| ・v歩v歩v歩v歩 ・v角v歩v歩|三
|v歩 ・ ・ ・ ・v歩v歩 ・ ・|四
| ・ ・ ・ ・ ・ ・ ・ 歩 ・|五
| 歩 ・ 歩 ・ ・ ・ 歩 ・ ・|六
| ・ 歩 ・ 歩 歩 歩 銀 ・ 歩|七
| ・ 角 ・ 玉 ・ ・ ・ 飛 ・|八
| 香 桂 銀 金 ・ 金 ・ 桂 香|九
+---------------------------+
先手の持駒：
SFEN: lnsg1g1nl/3k1sr2/1pppp1bpp/p4pp2/7P1/P1P3P2/1P1PPPS1P/1B1K3R1/LNSG1G1NL w - 16
==================================================
[実盤面] 2025-04-13 18:06:28
後手の持駒：
  ９ ８ ７ ６ ５ ４ ３ ２ １
+---------------------------+
|v香v桂v銀v金 ・v金 ・v桂v香|一
| ・ ・v玉 ・ ・v銀v飛 ・ ・|二
| ・v歩v歩v歩v歩 ・v角v歩v歩|三
|v歩 ・ ・ ・ ・v歩v歩 ・ ・|四
| ・ ・ ・ ・ ・ ・ ・ 歩 ・|五
| 歩 ・ 歩 ・ ・ ・ 歩 ・ ・|六
| ・ 歩 ・ 歩 歩 歩 銀 ・ 歩|七
| ・ 角 ・ 玉 ・ ・ ・ 飛 ・|八
| 香 桂 銀 金 ・ 金 ・ 桂 香|九
+---------------------------+
先手の持駒：
SFEN: lnsg1g1nl/2k2sr2/1pppp1bpp/p4pp2/7P1/P1P3P2/1P1PPPS1P/1B1K3R1/LNSG1G1NL b - 17
==================================================
[実盤面] 2025-04-13 18:06:33
後手の持駒：
  ９ ８ ７ ６ ５ ４ ３ ２ １
+---------------------------+
|v香v桂v銀v金 ・v金 ・v桂v香|一
| ・ ・v玉 ・ ・v銀v飛 ・ ・|二
| ・v歩v歩v歩v歩 ・v角v歩v歩|三
|v歩 ・ ・ ・ ・v歩v歩 ・ ・|四
| ・ ・ ・ ・ ・ ・ ・ 歩 ・|五
| 歩 ・ 歩 ・ ・ ・ 歩 ・ ・|六
| ・ 歩 ・ 歩 歩 歩 銀 ・ 歩|七
| ・ 角 ・ 玉 ・ ・ 飛 ・ ・|八
| 香 桂 銀 金 ・ 金 ・ 桂 香|九
+---------------------------+
先手の持駒：
SFEN: lnsg1g1nl/2k2sr2/1pppp1bpp/p4pp2/7P1/P1P3P2/1P1PPPS1P/1B1K2R2/LNSG1G1NL w - 18
==================================================
[実盤面] 2025-04-13 18:06:37
後手の持駒：
  ９ ８ ７ ６ ５ ４ ３ ２ １
+---------------------------+
|v香v桂v銀v金 ・v金 ・v桂v香|一
| ・ ・v玉 ・ ・ ・v飛 ・ ・|二
| ・v歩v歩v歩v歩v銀v角v歩v歩|三
|v歩 ・ ・ ・ ・v歩v歩 ・ ・|四
| ・ ・ ・ ・ ・ ・ ・ 歩 ・|五
| 歩 ・ 歩 ・ ・ ・ 歩 ・ ・|六
| ・ 歩 ・ 歩 歩 歩 銀 ・ 歩|七
| ・ 角 ・ 玉 ・ ・ 飛 ・ ・|八
| 香 桂 銀 金 ・ 金 ・ 桂 香|九
+---------------------------+
先手の持駒：
SFEN: lnsg1g1nl/2k3r2/1ppppsbpp/p4pp2/7P1/P1P3P2/1P1PPPS1P/1B1K2R2/LNSG1G1NL b - 19
==================================================
[実盤面] 2025-04-13 18:06:40
後手の持駒：
  ９ ８ ７ ６ ５ ４ ３ ２ １
+---------------------------+
|v香v桂v銀v金 ・v金 ・v桂v香|一
| ・ ・v玉 ・ ・ ・v飛 ・ ・|二
| ・v歩v歩v歩v歩v銀v角v歩v歩|三
|v歩 ・ ・ ・ ・v歩v歩 ・ ・|四
| ・ ・ ・ ・ ・ ・ ・ 歩 ・|五
| 歩 ・ 歩 ・ ・ ・ 歩 ・ ・|六
| ・ 歩 ・ 歩 歩 歩 銀 ・ 歩|七
| ・ 角 玉 ・ ・ ・ 飛 ・ ・|八
| 香 桂 銀 金 ・ 金 ・ 桂 香|九
+---------------------------+
先手の持駒：
SFEN: lnsg1g1nl/2k3r2/1ppppsbpp/p4pp2/7P1/P1P3P2/1P1PPPS1P/1BK3R2/LNSG1G1NL w - 20
==================================================
[実盤面] 2025-04-13 18:06:44
後手の持駒：
  ９ ８ ７ ６ ５ ４ ３ ２ １
+---------------------------+
|v香v桂v銀v金 ・v金 ・v桂v香|一
| ・ ・v玉 ・ ・v角v飛 ・ ・|二
| ・v歩v歩v歩v歩v銀 ・v歩v歩|三
|v歩 ・ ・ ・ ・v歩v歩 ・ ・|四
| ・ ・ ・ ・ ・ ・ ・ 歩 ・|五
| 歩 ・ 歩 ・ ・ ・ 歩 ・ ・|六
| ・ 歩 ・ 歩 歩 歩 銀 ・ 歩|七
| ・ 角 玉 ・ ・ ・ 飛 ・ ・|八
| 香 桂 銀 金 ・ 金 ・ 桂 香|九
+---------------------------+
先手の持駒：
SFEN: lnsg1g1nl/2k2br2/1pppps1pp/p4pp2/7P1/P1P3P2/1P1PPPS1P/1BK3R2/LNSG1G1NL b - 21
==================================================
[実盤面] 2025-04-13 18:06:47
後手の持駒：
  ９ ８ ７ ６ ５ ４ ３ ２ １
+---------------------------+
|v香v桂v銀v金 ・v金 ・v桂v香|一
| ・ ・v玉 ・ ・v角v飛 ・ ・|二
| ・v歩v歩v歩v歩v銀 ・v歩v歩|三
|v歩 ・ ・ ・ ・v歩v歩 ・ ・|四
| ・ ・ ・ ・ ・ ・ ・ 歩 ・|五
| 歩 ・ 歩 ・ ・ 銀 歩 ・ ・|六
| ・ 歩 ・ 歩 歩 歩 ・ ・ 歩|七
| ・ 角 玉 ・ ・ ・ 飛 ・ ・|八
| 香 桂 銀 金 ・ 金 ・ 桂 香|九
+---------------------------+
先手の持駒：
SFEN: lnsg1g1nl/2k2br2/1pppps1pp/p4pp2/7P1/P1P2SP2/1P1PPP2P/1BK3R2/LNSG1G1NL w - 22
==================================================
[実盤面] 2025-04-13 18:06:51
後手の持駒：
  ９ ８ ７ ６ ５ ４ ３ ２ １
+---------------------------+
|v香v桂v銀v金 ・v金 ・v桂v香|一
| ・ ・v玉 ・ ・v角v飛 ・ ・|二
| ・v歩v歩v歩 ・v銀 ・v歩v歩|三
|v歩 ・ ・ ・v歩v歩v歩 ・ ・|四
| ・ ・ ・ ・ ・ ・ ・ 歩 ・|五
| 歩 ・ 歩 ・ ・ 銀 歩 ・ ・|六
| ・ 歩 ・ 歩 歩 歩 ・ ・ 歩|七
| ・ 角 玉 ・ ・ ・ 飛 ・ ・|八
| 香 桂 銀 金 ・ 金 ・ 桂 香|九
+---------------------------+
先手の持駒：
SFEN: lnsg1g1nl/2k2br2/1ppp1s1pp/p3ppp2/7P1/P1P2SP2/1P1PPP2P/1BK3R2/LNSG1G1NL b - 23
==================================================
[実盤面] 2025-04-13 18:06:56
後手の持駒：
  ９ ８ ７ ６ ５ ４ ３ ２ １
+---------------------------+
|v香v桂v銀v金 ・v金 ・v桂v香|一
| ・ ・v玉 ・ ・v角v飛 ・ ・|二
| ・v歩v歩v歩 ・v銀 ・v歩v歩|三
|v歩 ・ ・ ・v歩 ・v歩 ・ ・|四
| ・ ・ ・ ・ ・ 歩 ・ 歩 ・|五
| 歩 ・ 歩 ・ ・ 銀 歩 ・ ・|六
| ・ 歩 ・ 歩 歩 歩 ・ ・ 歩|七
| ・ 角 玉 ・ ・ ・ 飛 ・ ・|八
| 香 桂 銀 金 ・ 金 ・ 桂 香|九
+---------------------------+
先手の持駒：
SFEN: lnsg1g1nl/2k2br2/1ppp1s1pp/p3p1p2/5P1P1/P1P2SP2/1P1PPP2P/1BK3R2/LNSG1G1NL w - 24
==================================================
[実盤面] 2025-04-13 18:14:32
後手の持駒：
  ９ ８ ７ ６ ５ ４ ３ ２ １
+---------------------------+
|v香v桂v銀v金v玉v金v銀v桂v香|一
| ・v飛 ・ ・ ・ ・ ・v角 ・|二
|v歩v歩v歩v歩v歩v歩v歩v歩v歩|三
| ・ ・ ・ ・ ・ ・ ・ ・ ・|四
| ・ ・ ・ ・ ・ ・ ・ ・ ・|五
| ・ ・ ・ ・ ・ ・ ・ 歩 ・|六
| 歩 歩 歩 歩 歩 歩 歩 ・ 歩|七
| ・ 角 ・ ・ ・ ・ ・ 飛 ・|八
| 香 桂 銀 金 玉 金 銀 桂 香|九
+---------------------------+
先手の持駒：
SFEN: lnsgkgsnl/1r5b1/ppppppppp/9/9/7P1/PPPPPPP1P/1B5R1/LNSGKGSNL w - 2
==================================================
[実盤面] 2025-04-13 18:14:36
後手の持駒：
  ９ ８ ７ ６ ５ ４ ３ ２ １
+---------------------------+
|v香v桂v銀v金v玉v金v銀v桂v香|一
| ・v飛 ・ ・ ・ ・ ・v角 ・|二
|v歩v歩v歩v歩v歩v歩 ・v歩v歩|三
| ・ ・ ・ ・ ・ ・v歩 ・ ・|四
| ・ ・ ・ ・ ・ ・ ・ ・ ・|五
| ・ ・ ・ ・ ・ ・ ・ 歩 ・|六
| 歩 歩 歩 歩 歩 歩 歩 ・ 歩|七
| ・ 角 ・ ・ ・ ・ ・ 飛 ・|八
| 香 桂 銀 金 玉 金 銀 桂 香|九
+---------------------------+
先手の持駒：
SFEN: lnsgkgsnl/1r5b1/pppppp1pp/6p2/9/7P1/PPPPPPP1P/1B5R1/LNSGKGSNL b - 3
==================================================
[実盤面] 2025-04-13 18:14:39
後手の持駒：
  ９ ８ ７ ６ ５ ４ ３ ２ １
+---------------------------+
|v香v桂v銀v金v玉v金v銀v桂v香|一
| ・v飛 ・ ・ ・ ・ ・v角 ・|二
|v歩v歩v歩v歩v歩v歩 ・v歩v歩|三
| ・ ・ ・ ・ ・ ・v歩 ・ ・|四
| ・ ・ ・ ・ ・ ・ ・ ・ ・|五
| ・ ・ 歩 ・ ・ ・ ・ 歩 ・|六
| 歩 歩 ・ 歩 歩 歩 歩 ・ 歩|七
| ・ 角 ・ ・ ・ ・ ・ 飛 ・|八
| 香 桂 銀 金 玉 金 銀 桂 香|九
+---------------------------+
先手の持駒：
SFEN: lnsgkgsnl/1r5b1/pppppp1pp/6p2/9/2P4P1/PP1PPPP1P/1B5R1/LNSGKGSNL w - 4
==================================================
[実盤面] 2025-04-13 18:14:43
後手の持駒：
  ９ ８ ７ ６ ５ ４ ３ ２ １
+---------------------------+
|v香v桂v銀v金v玉v金v銀v桂v香|一
| ・v飛 ・ ・ ・ ・ ・v角 ・|二
|v歩v歩v歩v歩v歩 ・ ・v歩v歩|三
| ・ ・ ・ ・ ・v歩v歩 ・ ・|四
| ・ ・ ・ ・ ・ ・ ・ ・ ・|五
| ・ ・ 歩 ・ ・ ・ ・ 歩 ・|六
| 歩 歩 ・ 歩 歩 歩 歩 ・ 歩|七
| ・ 角 ・ ・ ・ ・ ・ 飛 ・|八
| 香 桂 銀 金 玉 金 銀 桂 香|九
+---------------------------+
先手の持駒：
SFEN: lnsgkgsnl/1r5b1/ppppp2pp/5pp2/9/2P4P1/PP1PPPP1P/1B5R1/LNSGKGSNL b - 5
==================================================
[実盤面] 2025-04-13 18:14:47
後手の持駒：
  ９ ８ ７ ６ ５ ４ ３ ２ １
+---------------------------+
|v香v桂v銀v金v玉v金v銀v桂v香|一
| ・v飛 ・ ・ ・ ・ ・v角 ・|二
|v歩v歩v歩v歩v歩 ・ ・v歩v歩|三
| ・ ・ ・ ・ ・v歩v歩 ・ ・|四
| ・ ・ ・ ・ ・ ・ ・ 歩 ・|五
| ・ ・ 歩 ・ ・ ・ ・ ・ ・|六
| 歩 歩 ・ 歩 歩 歩 歩 ・ 歩|七
| ・ 角 ・ ・ ・ ・ ・ 飛 ・|八
| 香 桂 銀 金 玉 金 銀 桂 香|九
+---------------------------+
先手の持駒：
SFEN: lnsgkgsnl/1r5b1/ppppp2pp/5pp2/7P1/2P6/PP1PPPP1P/1B5R1/LNSGKGSNL w - 6
==================================================
[実盤面] 2025-04-13 18:14:50
後手の持駒：
  ９ ８ ７ ６ ５ ４ ３ ２ １
+---------------------------+
|v香v桂v銀v金v玉v金v銀v桂v香|一
| ・v飛 ・ ・ ・ ・ ・ ・ ・|二
|v歩v歩v歩v歩v歩 ・v角v歩v歩|三
| ・ ・ ・ ・ ・v歩v歩 ・ ・|四
| ・ ・ ・ ・ ・ ・ ・ 歩 ・|五
| ・ ・ 歩 ・ ・ ・ ・ ・ ・|六
| 歩 歩 ・ 歩 歩 歩 歩 ・ 歩|七
| ・ 角 ・ ・ ・ ・ ・ 飛 ・|八
| 香 桂 銀 金 玉 金 銀 桂 香|九
+---------------------------+
先手の持駒：
SFEN: lnsgkgsnl/1r7/ppppp1bpp/5pp2/7P1/2P6/PP1PPPP1P/1B5R1/LNSGKGSNL b - 7
==================================================
[実盤面] 2025-04-13 18:14:56
後手の持駒：
  ９ ８ ７ ６ ５ ４ ３ ２ １
+---------------------------+
|v香v桂v銀v金v玉v金v銀v桂v香|一
| ・v飛 ・ ・ ・ ・ ・ ・ ・|二
|v歩v歩v歩v歩v歩 ・v角v歩v歩|三
| ・ ・ ・ ・ ・v歩v歩 ・ ・|四
| ・ ・ ・ ・ ・ ・ ・ 歩 ・|五
| ・ ・ 歩 ・ ・ ・ 歩 ・ ・|六
| 歩 歩 ・ 歩 歩 歩 ・ ・ 歩|七
| ・ 角 ・ ・ ・ ・ ・ 飛 ・|八
| 香 桂 銀 金 玉 金 銀 桂 香|九
+---------------------------+
先手の持駒：
SFEN: lnsgkgsnl/1r7/ppppp1bpp/5pp2/7P1/2P3P2/PP1PPP2P/1B5R1/LNSGKGSNL w - 8
==================================================
[実盤面] 2025-04-13 18:15:00
後手の持駒：
  ９ ８ ７ ６ ５ ４ ３ ２ １
+---------------------------+
|v香v桂v銀v金v玉v金v銀v桂v香|一
| ・ ・ ・ ・ ・ ・v飛 ・ ・|二
|v歩v歩v歩v歩v歩 ・v角v歩v歩|三
| ・ ・ ・ ・ ・v歩v歩 ・ ・|四
| ・ ・ ・ ・ ・ ・ ・ 歩 ・|五
| ・ ・ 歩 ・ ・ ・ 歩 ・ ・|六
| 歩 歩 ・ 歩 歩 歩 ・ ・ 歩|七
| ・ 角 ・ ・ ・ ・ ・ 飛 ・|八
| 香 桂 銀 金 玉 金 銀 桂 香|九
+---------------------------+
先手の持駒：
SFEN: lnsgkgsnl/6r2/ppppp1bpp/5pp2/7P1/2P3P2/PP1PPP2P/1B5R1/LNSGKGSNL b - 9
==================================================
[実盤面] 2025-04-13 18:15:04
後手の持駒：
  ９ ８ ７ ６ ５ ４ ３ ２ １
+---------------------------+
|v香v桂v銀v金v玉v金v銀v桂v香|一
| ・ ・ ・ ・ ・ ・v飛 ・ ・|二
|v歩v歩v歩v歩v歩 ・v角v歩v歩|三
| ・ ・ ・ ・ ・v歩v歩 ・ ・|四
| ・ ・ ・ ・ ・ ・ ・ 歩 ・|五
| ・ ・ 歩 ・ ・ ・ 歩 ・ ・|六
| 歩 歩 ・ 歩 歩 歩 ・ ・ 歩|七
| ・ 角 ・ ・ ・ ・ 銀 飛 ・|八
| 香 桂 銀 金 玉 金 ・ 桂 香|九
+---------------------------+
先手の持駒：
SFEN: lnsgkgsnl/6r2/ppppp1bpp/5pp2/7P1/2P3P2/PP1PPP2P/1B4SR1/LNSGKG1NL w - 10
==================================================
[実盤面] 2025-04-13 18:15:08
後手の持駒：
  ９ ８ ７ ６ ５ ４ ３ ２ １
+---------------------------+
|v香v桂v銀v金v玉v金v銀v桂v香|一
| ・ ・ ・ ・ ・ ・v飛 ・ ・|二
| ・v歩v歩v歩v歩 ・v角v歩v歩|三
|v歩 ・ ・ ・ ・v歩v歩 ・ ・|四
| ・ ・ ・ ・ ・ ・ ・ 歩 ・|五
| ・ ・ 歩 ・ ・ ・ 歩 ・ ・|六
| 歩 歩 ・ 歩 歩 歩 ・ ・ 歩|七
| ・ 角 ・ ・ ・ ・ 銀 飛 ・|八
| 香 桂 銀 金 玉 金 ・ 桂 香|九
+---------------------------+
先手の持駒：
SFEN: lnsgkgsnl/6r2/1pppp1bpp/p4pp2/7P1/2P3P2/PP1PPP2P/1B4SR1/LNSGKG1NL b - 11
==================================================
[実盤面] 2025-04-13 18:15:12
後手の持駒：
  ９ ８ ７ ６ ５ ４ ３ ２ １
+---------------------------+
|v香v桂v銀v金v玉v金v銀v桂v香|一
| ・ ・ ・ ・ ・ ・v飛 ・ ・|二
| ・v歩v歩v歩v歩 ・v角v歩v歩|三
|v歩 ・ ・ ・ ・v歩v歩 ・ ・|四
| ・ ・ ・ ・ ・ ・ ・ 歩 ・|五
| 歩 ・ 歩 ・ ・ ・ 歩 ・ ・|六
| ・ 歩 ・ 歩 歩 歩 ・ ・ 歩|七
| ・ 角 ・ ・ ・ ・ 銀 飛 ・|八
| 香 桂 銀 金 玉 金 ・ 桂 香|九
+---------------------------+
先手の持駒：
SFEN: lnsgkgsnl/6r2/1pppp1bpp/p4pp2/7P1/P1P3P2/1P1PPP2P/1B4SR1/LNSGKG1NL w - 12
==================================================
[実盤面] 2025-04-13 18:15:16
後手の持駒：
  ９ ８ ７ ６ ５ ４ ３ ２ １
+---------------------------+
|v香v桂v銀v金 ・v金v銀v桂v香|一
| ・ ・ ・v玉 ・ ・v飛 ・ ・|二
| ・v歩v歩v歩v歩 ・v角v歩v歩|三
|v歩 ・ ・ ・ ・v歩v歩 ・ ・|四
| ・ ・ ・ ・ ・ ・ ・ 歩 ・|五
| 歩 ・ 歩 ・ ・ ・ 歩 ・ ・|六
| ・ 歩 ・ 歩 歩 歩 ・ ・ 歩|七
| ・ 角 ・ ・ ・ ・ 銀 飛 ・|八
| 香 桂 銀 金 玉 金 ・ 桂 香|九
+---------------------------+
先手の持駒：
SFEN: lnsg1gsnl/3k2r2/1pppp1bpp/p4pp2/7P1/P1P3P2/1P1PPP2P/1B4SR1/LNSGKG1NL b - 13
==================================================
[実盤面] 2025-04-13 18:15:20
後手の持駒：
  ９ ８ ７ ６ ５ ４ ３ ２ １
+---------------------------+
|v香v桂v銀v金 ・v金v銀v桂v香|一
| ・ ・ ・v玉 ・ ・v飛 ・ ・|二
| ・v歩v歩v歩v歩 ・v角v歩v歩|三
|v歩 ・ ・ ・ ・v歩v歩 ・ ・|四
| ・ ・ ・ ・ ・ ・ ・ 歩 ・|五
| 歩 ・ 歩 ・ ・ ・ 歩 ・ ・|六
| ・ 歩 ・ 歩 歩 歩 ・ ・ 歩|七
| ・ 角 ・ 玉 ・ ・ 銀 飛 ・|八
| 香 桂 銀 金 ・ 金 ・ 桂 香|九
+---------------------------+
先手の持駒：
SFEN: lnsg1gsnl/3k2r2/1pppp1bpp/p4pp2/7P1/P1P3P2/1P1PPP2P/1B1K2SR1/LNSG1G1NL w - 14
==================================================
[実盤面] 2025-04-13 18:15:25
後手の持駒：
  ９ ８ ７ ６ ５ ４ ３ ２ １
+---------------------------+
|v香v桂v銀v金 ・v金 ・v桂v香|一
| ・ ・ ・v玉 ・v銀v飛 ・ ・|二
| ・v歩v歩v歩v歩 ・v角v歩v歩|三
|v歩 ・ ・ ・ ・v歩v歩 ・ ・|四
| ・ ・ ・ ・ ・ ・ ・ 歩 ・|五
| 歩 ・ 歩 ・ ・ ・ 歩 ・ ・|六
| ・ 歩 ・ 歩 歩 歩 ・ ・ 歩|七
| ・ 角 ・ 玉 ・ ・ 銀 飛 ・|八
| 香 桂 銀 金 ・ 金 ・ 桂 香|九
+---------------------------+
先手の持駒：
SFEN: lnsg1g1nl/3k1sr2/1pppp1bpp/p4pp2/7P1/P1P3P2/1P1PPP2P/1B1K2SR1/LNSG1G1NL b - 15
==================================================
[実盤面] 2025-04-13 18:15:29
後手の持駒：
  ９ ８ ７ ６ ５ ４ ３ ２ １
+---------------------------+
|v香v桂v銀v金 ・v金 ・v桂v香|一
| ・ ・ ・v玉 ・v銀v飛 ・ ・|二
| ・v歩v歩v歩v歩 ・v角v歩v歩|三
|v歩 ・ ・ ・ ・v歩v歩 ・ ・|四
| ・ ・ ・ ・ ・ ・ ・ 歩 ・|五
| 歩 ・ 歩 ・ ・ ・ 歩 ・ ・|六
| ・ 歩 ・ 歩 歩 歩 銀 ・ 歩|七
| ・ 角 ・ 玉 ・ ・ ・ 飛 ・|八
| 香 桂 銀 金 ・ 金 ・ 桂 香|九
+---------------------------+
先手の持駒：
SFEN: lnsg1g1nl/3k1sr2/1pppp1bpp/p4pp2/7P1/P1P3P2/1P1PPPS1P/1B1K3R1/LNSG1G1NL w - 16
==================================================
[実盤面] 2025-04-13 18:15:33
後手の持駒：
  ９ ８ ７ ６ ５ ４ ３ ２ １
+---------------------------+
|v香v桂v銀v金 ・v金 ・v桂v香|一
| ・ ・v玉 ・ ・v銀v飛 ・ ・|二
| ・v歩v歩v歩v歩 ・v角v歩v歩|三
|v歩 ・ ・ ・ ・v歩v歩 ・ ・|四
| ・ ・ ・ ・ ・ ・ ・ 歩 ・|五
| 歩 ・ 歩 ・ ・ ・ 歩 ・ ・|六
| ・ 歩 ・ 歩 歩 歩 銀 ・ 歩|七
| ・ 角 ・ 玉 ・ ・ ・ 飛 ・|八
| 香 桂 銀 金 ・ 金 ・ 桂 香|九
+---------------------------+
先手の持駒：
SFEN: lnsg1g1nl/2k2sr2/1pppp1bpp/p4pp2/7P1/P1P3P2/1P1PPPS1P/1B1K3R1/LNSG1G1NL b - 17
==================================================
[実盤面] 2025-04-13 18:15:38
後手の持駒：
  ９ ８ ７ ６ ５ ４ ３ ２ １
+---------------------------+
|v香v桂v銀v金 ・v金 ・v桂v香|一
| ・ ・v玉 ・ ・v銀v飛 ・ ・|二
| ・v歩v歩v歩v歩 ・v角v歩v歩|三
|v歩 ・ ・ ・ ・v歩v歩 ・ ・|四
| ・ ・ ・ ・ ・ ・ ・ 歩 ・|五
| 歩 ・ 歩 ・ ・ ・ 歩 ・ ・|六
| ・ 歩 ・ 歩 歩 歩 銀 ・ 歩|七
| ・ 角 ・ 玉 ・ ・ 飛 ・ ・|八
| 香 桂 銀 金 ・ 金 ・ 桂 香|九
+---------------------------+
先手の持駒：
SFEN: lnsg1g1nl/2k2sr2/1pppp1bpp/p4pp2/7P1/P1P3P2/1P1PPPS1P/1B1K2R2/LNSG1G1NL w - 18
==================================================
[実盤面] 2025-04-13 18:15:42
後手の持駒：
  ９ ８ ７ ６ ５ ４ ３ ２ １
+---------------------------+
|v香v桂v銀v金 ・v金 ・v桂v香|一
| ・ ・v玉 ・ ・ ・v飛 ・ ・|二
| ・v歩v歩v歩v歩v銀v角v歩v歩|三
|v歩 ・ ・ ・ ・v歩v歩 ・ ・|四
| ・ ・ ・ ・ ・ ・ ・ 歩 ・|五
| 歩 ・ 歩 ・ ・ ・ 歩 ・ ・|六
| ・ 歩 ・ 歩 歩 歩 銀 ・ 歩|七
| ・ 角 ・ 玉 ・ ・ 飛 ・ ・|八
| 香 桂 銀 金 ・ 金 ・ 桂 香|九
+---------------------------+
先手の持駒：
SFEN: lnsg1g1nl/2k3r2/1ppppsbpp/p4pp2/7P1/P1P3P2/1P1PPPS1P/1B1K2R2/LNSG1G1NL b - 19
==================================================
[実盤面] 2025-04-13 18:15:46
後手の持駒：
  ９ ８ ７ ６ ５ ４ ３ ２ １
+---------------------------+
|v香v桂v銀v金 ・v金 ・v桂v香|一
| ・ ・v玉 ・ ・ ・v飛 ・ ・|二
| ・v歩v歩v歩v歩v銀v角v歩v歩|三
|v歩 ・ ・ ・ ・v歩v歩 ・ ・|四
| ・ ・ ・ ・ ・ ・ ・ 歩 ・|五
| 歩 ・ 歩 ・ ・ ・ 歩 ・ ・|六
| ・ 歩 ・ 歩 歩 歩 銀 ・ 歩|七
| ・ 角 玉 ・ ・ ・ 飛 ・ ・|八
| 香 桂 銀 金 ・ 金 ・ 桂 香|九
+---------------------------+
先手の持駒：
SFEN: lnsg1g1nl/2k3r2/1ppppsbpp/p4pp2/7P1/P1P3P2/1P1PPPS1P/1BK3R2/LNSG1G1NL w - 20
==================================================
[実盤面] 2025-04-13 18:15:50
後手の持駒：
  ９ ８ ７ ６ ５ ４ ３ ２ １
+---------------------------+
|v香v桂v銀v金 ・v金 ・v桂v香|一
| ・ ・v玉 ・ ・v角v飛 ・ ・|二
| ・v歩v歩v歩v歩v銀 ・v歩v歩|三
|v歩 ・ ・ ・ ・v歩v歩 ・ ・|四
| ・ ・ ・ ・ ・ ・ ・ 歩 ・|五
| 歩 ・ 歩 ・ ・ ・ 歩 ・ ・|六
| ・ 歩 ・ 歩 歩 歩 銀 ・ 歩|七
| ・ 角 玉 ・ ・ ・ 飛 ・ ・|八
| 香 桂 銀 金 ・ 金 ・ 桂 香|九
+---------------------------+
先手の持駒：
SFEN: lnsg1g1nl/2k2br2/1pppps1pp/p4pp2/7P1/P1P3P2/1P1PPPS1P/1BK3R2/LNSG1G1NL b - 21
==================================================
[実盤面] 2025-04-13 18:15:53
後手の持駒：
  ９ ８ ７ ６ ５ ４ ３ ２ １
+---------------------------+
|v香v桂v銀v金 ・v金 ・v桂v香|一
| ・ ・v玉 ・ ・v角v飛 ・ ・|二
| ・v歩v歩v歩v歩v銀 ・v歩v歩|三
|v歩 ・ ・ ・ ・v歩v歩 ・ ・|四
| ・ ・ ・ ・ ・ ・ ・ 歩 ・|五
| 歩 ・ 歩 ・ ・ 銀 歩 ・ ・|六
| ・ 歩 ・ 歩 歩 歩 ・ ・ 歩|七
| ・ 角 玉 ・ ・ ・ 飛 ・ ・|八
| 香 桂 銀 金 ・ 金 ・ 桂 香|九
+---------------------------+
先手の持駒：
SFEN: lnsg1g1nl/2k2br2/1pppps1pp/p4pp2/7P1/P1P2SP2/1P1PPP2P/1BK3R2/LNSG1G1NL w - 22
==================================================
[実盤面] 2025-04-13 18:15:57
後手の持駒：
  ９ ８ ７ ６ ５ ４ ３ ２ １
+---------------------------+
|v香v桂v銀v金 ・v金 ・v桂v香|一
| ・ ・v玉 ・ ・v角v飛 ・ ・|二
| ・v歩v歩v歩 ・v銀 ・v歩v歩|三
|v歩 ・ ・ ・v歩v歩v歩 ・ ・|四
| ・ ・ ・ ・ ・ ・ ・ 歩 ・|五
| 歩 ・ 歩 ・ ・ 銀 歩 ・ ・|六
| ・ 歩 ・ 歩 歩 歩 ・ ・ 歩|七
| ・ 角 玉 ・ ・ ・ 飛 ・ ・|八
| 香 桂 銀 金 ・ 金 ・ 桂 香|九
+---------------------------+
先手の持駒：
SFEN: lnsg1g1nl/2k2br2/1ppp1s1pp/p3ppp2/7P1/P1P2SP2/1P1PPP2P/1BK3R2/LNSG1G1NL b - 23
==================================================
[実盤面] 2025-04-13 18:16:01
後手の持駒：
  ９ ８ ７ ６ ５ ４ ３ ２ １
+---------------------------+
|v香v桂v銀v金 ・v金 ・v桂v香|一
| ・ ・v玉 ・ ・v角v飛 ・ ・|二
| ・v歩v歩v歩 ・v銀 ・v歩v歩|三
|v歩 ・ ・ ・v歩 ・v歩 ・ ・|四
| ・ ・ ・ ・ ・ 歩 ・ 歩 ・|五
| 歩 ・ 歩 ・ ・ 銀 歩 ・ ・|六
| ・ 歩 ・ 歩 歩 歩 ・ ・ 歩|七
| ・ 角 玉 ・ ・ ・ 飛 ・ ・|八
| 香 桂 銀 金 ・ 金 ・ 桂 香|九
+---------------------------+
先手の持駒：
SFEN: lnsg1g1nl/2k2br2/1ppp1s1pp/p3p1p2/5P1P1/P1P2SP2/1P1PPP2P/1BK3R2/LNSG1G1NL w - 24
==================================================
[実盤面] 2025-04-13 18:20:29
後手の持駒：
  ９ ８ ７ ６ ５ ４ ３ ２ １
+---------------------------+
|v香v桂v銀v金v玉v金v銀v桂v香|一
| ・v飛 ・ ・ ・ ・ ・v角 ・|二
|v歩v歩v歩v歩v歩v歩v歩v歩v歩|三
| ・ ・ ・ ・ ・ ・ ・ ・ ・|四
| ・ ・ ・ ・ ・ ・ ・ ・ ・|五
| ・ ・ ・ ・ ・ ・ ・ 歩 ・|六
| 歩 歩 歩 歩 歩 歩 歩 ・ 歩|七
| ・ 角 ・ ・ ・ ・ ・ 飛 ・|八
| 香 桂 銀 金 玉 金 銀 桂 香|九
+---------------------------+
先手の持駒：
SFEN: lnsgkgsnl/1r5b1/ppppppppp/9/9/7P1/PPPPPPP1P/1B5R1/LNSGKGSNL w - 2
==================================================
[実盤面] 2025-04-13 18:20:33
後手の持駒：
  ９ ８ ７ ６ ５ ４ ３ ２ １
+---------------------------+
|v香v桂v銀v金v玉v金v銀v桂v香|一
| ・v飛 ・ ・ ・ ・ ・v角 ・|二
|v歩v歩v歩v歩v歩v歩 ・v歩v歩|三
| ・ ・ ・ ・ ・ ・v歩 ・ ・|四
| ・ ・ ・ ・ ・ ・ ・ ・ ・|五
| ・ ・ ・ ・ ・ ・ ・ 歩 ・|六
| 歩 歩 歩 歩 歩 歩 歩 ・ 歩|七
| ・ 角 ・ ・ ・ ・ ・ 飛 ・|八
| 香 桂 銀 金 玉 金 銀 桂 香|九
+---------------------------+
先手の持駒：
SFEN: lnsgkgsnl/1r5b1/pppppp1pp/6p2/9/7P1/PPPPPPP1P/1B5R1/LNSGKGSNL b - 3
==================================================
[実盤面] 2025-04-13 18:20:36
後手の持駒：
  ９ ８ ７ ６ ５ ４ ３ ２ １
+---------------------------+
|v香v桂v銀v金v玉v金v銀v桂v香|一
| ・v飛 ・ ・ ・ ・ ・v角 ・|二
|v歩v歩v歩v歩v歩v歩 ・v歩v歩|三
| ・ ・ ・ ・ ・ ・v歩 ・ ・|四
| ・ ・ ・ ・ ・ ・ ・ ・ ・|五
| ・ ・ 歩 ・ ・ ・ ・ 歩 ・|六
| 歩 歩 ・ 歩 歩 歩 歩 ・ 歩|七
| ・ 角 ・ ・ ・ ・ ・ 飛 ・|八
| 香 桂 銀 金 玉 金 銀 桂 香|九
+---------------------------+
先手の持駒：
SFEN: lnsgkgsnl/1r5b1/pppppp1pp/6p2/9/2P4P1/PP1PPPP1P/1B5R1/LNSGKGSNL w - 4
==================================================
[実盤面] 2025-04-13 18:20:40
後手の持駒：
  ９ ８ ７ ６ ５ ４ ３ ２ １
+---------------------------+
|v香v桂v銀v金v玉v金v銀v桂v香|一
| ・v飛 ・ ・ ・ ・ ・v角 ・|二
|v歩v歩v歩v歩v歩 ・ ・v歩v歩|三
| ・ ・ ・ ・ ・v歩v歩 ・ ・|四
| ・ ・ ・ ・ ・ ・ ・ ・ ・|五
| ・ ・ 歩 ・ ・ ・ ・ 歩 ・|六
| 歩 歩 ・ 歩 歩 歩 歩 ・ 歩|七
| ・ 角 ・ ・ ・ ・ ・ 飛 ・|八
| 香 桂 銀 金 玉 金 銀 桂 香|九
+---------------------------+
先手の持駒：
SFEN: lnsgkgsnl/1r5b1/ppppp2pp/5pp2/9/2P4P1/PP1PPPP1P/1B5R1/LNSGKGSNL b - 5
==================================================
[実盤面] 2025-04-13 18:20:44
後手の持駒：
  ９ ８ ７ ６ ５ ４ ３ ２ １
+---------------------------+
|v香v桂v銀v金v玉v金v銀v桂v香|一
| ・v飛 ・ ・ ・ ・ ・v角 ・|二
|v歩v歩v歩v歩v歩 ・ ・v歩v歩|三
| ・ ・ ・ ・ ・v歩v歩 ・ ・|四
| ・ ・ ・ ・ ・ ・ ・ 歩 ・|五
| ・ ・ 歩 ・ ・ ・ ・ ・ ・|六
| 歩 歩 ・ 歩 歩 歩 歩 ・ 歩|七
| ・ 角 ・ ・ ・ ・ ・ 飛 ・|八
| 香 桂 銀 金 玉 金 銀 桂 香|九
+---------------------------+
先手の持駒：
SFEN: lnsgkgsnl/1r5b1/ppppp2pp/5pp2/7P1/2P6/PP1PPPP1P/1B5R1/LNSGKGSNL w - 6
==================================================
[実盤面] 2025-04-13 18:20:47
後手の持駒：
  ９ ８ ７ ６ ５ ４ ３ ２ １
+---------------------------+
|v香v桂v銀v金v玉v金v銀v桂v香|一
| ・v飛 ・ ・ ・ ・ ・ ・ ・|二
|v歩v歩v歩v歩v歩 ・v角v歩v歩|三
| ・ ・ ・ ・ ・v歩v歩 ・ ・|四
| ・ ・ ・ ・ ・ ・ ・ 歩 ・|五
| ・ ・ 歩 ・ ・ ・ ・ ・ ・|六
| 歩 歩 ・ 歩 歩 歩 歩 ・ 歩|七
| ・ 角 ・ ・ ・ ・ ・ 飛 ・|八
| 香 桂 銀 金 玉 金 銀 桂 香|九
+---------------------------+
先手の持駒：
SFEN: lnsgkgsnl/1r7/ppppp1bpp/5pp2/7P1/2P6/PP1PPPP1P/1B5R1/LNSGKGSNL b - 7
==================================================
[実盤面] 2025-04-13 18:20:53
後手の持駒：
  ９ ８ ７ ６ ５ ４ ３ ２ １
+---------------------------+
|v香v桂v銀v金v玉v金v銀v桂v香|一
| ・v飛 ・ ・ ・ ・ ・ ・ ・|二
|v歩v歩v歩v歩v歩 ・v角v歩v歩|三
| ・ ・ ・ ・ ・v歩v歩 ・ ・|四
| ・ ・ ・ ・ ・ ・ ・ 歩 ・|五
| ・ ・ 歩 ・ ・ ・ 歩 ・ ・|六
| 歩 歩 ・ 歩 歩 歩 ・ ・ 歩|七
| ・ 角 ・ ・ ・ ・ ・ 飛 ・|八
| 香 桂 銀 金 玉 金 銀 桂 香|九
+---------------------------+
先手の持駒：
SFEN: lnsgkgsnl/1r7/ppppp1bpp/5pp2/7P1/2P3P2/PP1PPP2P/1B5R1/LNSGKGSNL w - 8
==================================================
[実盤面] 2025-04-13 18:20:56
後手の持駒：
  ９ ８ ７ ６ ５ ４ ３ ２ １
+---------------------------+
|v香v桂v銀v金v玉v金v銀v桂v香|一
| ・ ・ ・ ・ ・ ・v飛 ・ ・|二
|v歩v歩v歩v歩v歩 ・v角v歩v歩|三
| ・ ・ ・ ・ ・v歩v歩 ・ ・|四
| ・ ・ ・ ・ ・ ・ ・ 歩 ・|五
| ・ ・ 歩 ・ ・ ・ 歩 ・ ・|六
| 歩 歩 ・ 歩 歩 歩 ・ ・ 歩|七
| ・ 角 ・ ・ ・ ・ ・ 飛 ・|八
| 香 桂 銀 金 玉 金 銀 桂 香|九
+---------------------------+
先手の持駒：
SFEN: lnsgkgsnl/6r2/ppppp1bpp/5pp2/7P1/2P3P2/PP1PPP2P/1B5R1/LNSGKGSNL b - 9
==================================================
[実盤面] 2025-04-13 18:21:01
後手の持駒：
  ９ ８ ７ ６ ５ ４ ３ ２ １
+---------------------------+
|v香v桂v銀v金v玉v金v銀v桂v香|一
| ・ ・ ・ ・ ・ ・v飛 ・ ・|二
|v歩v歩v歩v歩v歩 ・v角v歩v歩|三
| ・ ・ ・ ・ ・v歩v歩 ・ ・|四
| ・ ・ ・ ・ ・ ・ ・ 歩 ・|五
| ・ ・ 歩 ・ ・ ・ 歩 ・ ・|六
| 歩 歩 ・ 歩 歩 歩 ・ ・ 歩|七
| ・ 角 ・ ・ ・ ・ 銀 飛 ・|八
| 香 桂 銀 金 玉 金 ・ 桂 香|九
+---------------------------+
先手の持駒：
SFEN: lnsgkgsnl/6r2/ppppp1bpp/5pp2/7P1/2P3P2/PP1PPP2P/1B4SR1/LNSGKG1NL w - 10
==================================================
[実盤面] 2025-04-13 18:21:05
後手の持駒：
  ９ ８ ７ ６ ５ ４ ３ ２ １
+---------------------------+
|v香v桂v銀v金v玉v金v銀v桂v香|一
| ・ ・ ・ ・ ・ ・v飛 ・ ・|二
| ・v歩v歩v歩v歩 ・v角v歩v歩|三
|v歩 ・ ・ ・ ・v歩v歩 ・ ・|四
| ・ ・ ・ ・ ・ ・ ・ 歩 ・|五
| ・ ・ 歩 ・ ・ ・ 歩 ・ ・|六
| 歩 歩 ・ 歩 歩 歩 ・ ・ 歩|七
| ・ 角 ・ ・ ・ ・ 銀 飛 ・|八
| 香 桂 銀 金 玉 金 ・ 桂 香|九
+---------------------------+
先手の持駒：
SFEN: lnsgkgsnl/6r2/1pppp1bpp/p4pp2/7P1/2P3P2/PP1PPP2P/1B4SR1/LNSGKG1NL b - 11
==================================================
[実盤面] 2025-04-13 18:21:08
後手の持駒：
  ９ ８ ７ ６ ５ ４ ３ ２ １
+---------------------------+
|v香v桂v銀v金v玉v金v銀v桂v香|一
| ・ ・ ・ ・ ・ ・v飛 ・ ・|二
| ・v歩v歩v歩v歩 ・v角v歩v歩|三
|v歩 ・ ・ ・ ・v歩v歩 ・ ・|四
| ・ ・ ・ ・ ・ ・ ・ 歩 ・|五
| 歩 ・ 歩 ・ ・ ・ 歩 ・ ・|六
| ・ 歩 ・ 歩 歩 歩 ・ ・ 歩|七
| ・ 角 ・ ・ ・ ・ 銀 飛 ・|八
| 香 桂 銀 金 玉 金 ・ 桂 香|九
+---------------------------+
先手の持駒：
SFEN: lnsgkgsnl/6r2/1pppp1bpp/p4pp2/7P1/P1P3P2/1P1PPP2P/1B4SR1/LNSGKG1NL w - 12
==================================================
[実盤面] 2025-04-13 18:21:13
後手の持駒：
  ９ ８ ７ ６ ５ ４ ３ ２ １
+---------------------------+
|v香v桂v銀v金 ・v金v銀v桂v香|一
| ・ ・ ・v玉 ・ ・v飛 ・ ・|二
| ・v歩v歩v歩v歩 ・v角v歩v歩|三
|v歩 ・ ・ ・ ・v歩v歩 ・ ・|四
| ・ ・ ・ ・ ・ ・ ・ 歩 ・|五
| 歩 ・ 歩 ・ ・ ・ 歩 ・ ・|六
| ・ 歩 ・ 歩 歩 歩 ・ ・ 歩|七
| ・ 角 ・ ・ ・ ・ 銀 飛 ・|八
| 香 桂 銀 金 玉 金 ・ 桂 香|九
+---------------------------+
先手の持駒：
SFEN: lnsg1gsnl/3k2r2/1pppp1bpp/p4pp2/7P1/P1P3P2/1P1PPP2P/1B4SR1/LNSGKG1NL b - 13
==================================================
[実盤面] 2025-04-13 18:21:17
後手の持駒：
  ９ ８ ７ ６ ５ ４ ３ ２ １
+---------------------------+
|v香v桂v銀v金 ・v金v銀v桂v香|一
| ・ ・ ・v玉 ・ ・v飛 ・ ・|二
| ・v歩v歩v歩v歩 ・v角v歩v歩|三
|v歩 ・ ・ ・ ・v歩v歩 ・ ・|四
| ・ ・ ・ ・ ・ ・ ・ 歩 ・|五
| 歩 ・ 歩 ・ ・ ・ 歩 ・ ・|六
| ・ 歩 ・ 歩 歩 歩 ・ ・ 歩|七
| ・ 角 ・ 玉 ・ ・ 銀 飛 ・|八
| 香 桂 銀 金 ・ 金 ・ 桂 香|九
+---------------------------+
先手の持駒：
SFEN: lnsg1gsnl/3k2r2/1pppp1bpp/p4pp2/7P1/P1P3P2/1P1PPP2P/1B1K2SR1/LNSG1G1NL w - 14
==================================================
[実盤面] 2025-04-13 18:21:22
後手の持駒：
  ９ ８ ７ ６ ５ ４ ３ ２ １
+---------------------------+
|v香v桂v銀v金 ・v金 ・v桂v香|一
| ・ ・ ・v玉 ・v銀v飛 ・ ・|二
| ・v歩v歩v歩v歩 ・v角v歩v歩|三
|v歩 ・ ・ ・ ・v歩v歩 ・ ・|四
| ・ ・ ・ ・ ・ ・ ・ 歩 ・|五
| 歩 ・ 歩 ・ ・ ・ 歩 ・ ・|六
| ・ 歩 ・ 歩 歩 歩 ・ ・ 歩|七
| ・ 角 ・ 玉 ・ ・ 銀 飛 ・|八
| 香 桂 銀 金 ・ 金 ・ 桂 香|九
+---------------------------+
先手の持駒：
SFEN: lnsg1g1nl/3k1sr2/1pppp1bpp/p4pp2/7P1/P1P3P2/1P1PPP2P/1B1K2SR1/LNSG1G1NL b - 15
==================================================
[実盤面] 2025-04-13 18:21:25
後手の持駒：
  ９ ８ ７ ６ ５ ４ ３ ２ １
+---------------------------+
|v香v桂v銀v金 ・v金 ・v桂v香|一
| ・ ・ ・v玉 ・v銀v飛 ・ ・|二
| ・v歩v歩v歩v歩 ・v角v歩v歩|三
|v歩 ・ ・ ・ ・v歩v歩 ・ ・|四
| ・ ・ ・ ・ ・ ・ ・ 歩 ・|五
| 歩 ・ 歩 ・ ・ ・ 歩 ・ ・|六
| ・ 歩 ・ 歩 歩 歩 銀 ・ 歩|七
| ・ 角 ・ 玉 ・ ・ ・ 飛 ・|八
| 香 桂 銀 金 ・ 金 ・ 桂 香|九
+---------------------------+
先手の持駒：
SFEN: lnsg1g1nl/3k1sr2/1pppp1bpp/p4pp2/7P1/P1P3P2/1P1PPPS1P/1B1K3R1/LNSG1G1NL w - 16
==================================================
[実盤面] 2025-04-13 18:21:30
後手の持駒：
  ９ ８ ７ ６ ５ ４ ３ ２ １
+---------------------------+
|v香v桂v銀v金 ・v金 ・v桂v香|一
| ・ ・v玉 ・ ・v銀v飛 ・ ・|二
| ・v歩v歩v歩v歩 ・v角v歩v歩|三
|v歩 ・ ・ ・ ・v歩v歩 ・ ・|四
| ・ ・ ・ ・ ・ ・ ・ 歩 ・|五
| 歩 ・ 歩 ・ ・ ・ 歩 ・ ・|六
| ・ 歩 ・ 歩 歩 歩 銀 ・ 歩|七
| ・ 角 ・ 玉 ・ ・ ・ 飛 ・|八
| 香 桂 銀 金 ・ 金 ・ 桂 香|九
+---------------------------+
先手の持駒：
SFEN: lnsg1g1nl/2k2sr2/1pppp1bpp/p4pp2/7P1/P1P3P2/1P1PPPS1P/1B1K3R1/LNSG1G1NL b - 17
==================================================
[実盤面] 2025-04-13 18:21:35
後手の持駒：
  ９ ８ ７ ６ ５ ４ ３ ２ １
+---------------------------+
|v香v桂v銀v金 ・v金 ・v桂v香|一
| ・ ・v玉 ・ ・v銀v飛 ・ ・|二
| ・v歩v歩v歩v歩 ・v角v歩v歩|三
|v歩 ・ ・ ・ ・v歩v歩 ・ ・|四
| ・ ・ ・ ・ ・ ・ ・ 歩 ・|五
| 歩 ・ 歩 ・ ・ ・ 歩 ・ ・|六
| ・ 歩 ・ 歩 歩 歩 銀 ・ 歩|七
| ・ 角 ・ 玉 ・ ・ 飛 ・ ・|八
| 香 桂 銀 金 ・ 金 ・ 桂 香|九
+---------------------------+
先手の持駒：
SFEN: lnsg1g1nl/2k2sr2/1pppp1bpp/p4pp2/7P1/P1P3P2/1P1PPPS1P/1B1K2R2/LNSG1G1NL w - 18
==================================================
[実盤面] 2025-04-13 18:21:39
後手の持駒：
  ９ ８ ７ ６ ５ ４ ３ ２ １
+---------------------------+
|v香v桂v銀v金 ・v金 ・v桂v香|一
| ・ ・v玉 ・ ・ ・v飛 ・ ・|二
| ・v歩v歩v歩v歩v銀v角v歩v歩|三
|v歩 ・ ・ ・ ・v歩v歩 ・ ・|四
| ・ ・ ・ ・ ・ ・ ・ 歩 ・|五
| 歩 ・ 歩 ・ ・ ・ 歩 ・ ・|六
| ・ 歩 ・ 歩 歩 歩 銀 ・ 歩|七
| ・ 角 ・ 玉 ・ ・ 飛 ・ ・|八
| 香 桂 銀 金 ・ 金 ・ 桂 香|九
+---------------------------+
先手の持駒：
SFEN: lnsg1g1nl/2k3r2/1ppppsbpp/p4pp2/7P1/P1P3P2/1P1PPPS1P/1B1K2R2/LNSG1G1NL b - 19
==================================================
[実盤面] 2025-04-13 18:21:42
後手の持駒：
  ９ ８ ７ ６ ５ ４ ３ ２ １
+---------------------------+
|v香v桂v銀v金 ・v金 ・v桂v香|一
| ・ ・v玉 ・ ・ ・v飛 ・ ・|二
| ・v歩v歩v歩v歩v銀v角v歩v歩|三
|v歩 ・ ・ ・ ・v歩v歩 ・ ・|四
| ・ ・ ・ ・ ・ ・ ・ 歩 ・|五
| 歩 ・ 歩 ・ ・ ・ 歩 ・ ・|六
| ・ 歩 ・ 歩 歩 歩 銀 ・ 歩|七
| ・ 角 玉 ・ ・ ・ 飛 ・ ・|八
| 香 桂 銀 金 ・ 金 ・ 桂 香|九
+---------------------------+
先手の持駒：
SFEN: lnsg1g1nl/2k3r2/1ppppsbpp/p4pp2/7P1/P1P3P2/1P1PPPS1P/1BK3R2/LNSG1G1NL w - 20
==================================================
[実盤面] 2025-04-13 18:21:46
後手の持駒：
  ９ ８ ７ ６ ５ ４ ３ ２ １
+---------------------------+
|v香v桂v銀v金 ・v金 ・v桂v香|一
| ・ ・v玉 ・ ・v角v飛 ・ ・|二
| ・v歩v歩v歩v歩v銀 ・v歩v歩|三
|v歩 ・ ・ ・ ・v歩v歩 ・ ・|四
| ・ ・ ・ ・ ・ ・ ・ 歩 ・|五
| 歩 ・ 歩 ・ ・ ・ 歩 ・ ・|六
| ・ 歩 ・ 歩 歩 歩 銀 ・ 歩|七
| ・ 角 玉 ・ ・ ・ 飛 ・ ・|八
| 香 桂 銀 金 ・ 金 ・ 桂 香|九
+---------------------------+
先手の持駒：
SFEN: lnsg1g1nl/2k2br2/1pppps1pp/p4pp2/7P1/P1P3P2/1P1PPPS1P/1BK3R2/LNSG1G1NL b - 21
==================================================
[実盤面] 2025-04-13 18:21:50
後手の持駒：
  ９ ８ ７ ６ ５ ４ ３ ２ １
+---------------------------+
|v香v桂v銀v金 ・v金 ・v桂v香|一
| ・ ・v玉 ・ ・v角v飛 ・ ・|二
| ・v歩v歩v歩v歩v銀 ・v歩v歩|三
|v歩 ・ ・ ・ ・v歩v歩 ・ ・|四
| ・ ・ ・ ・ ・ ・ ・ 歩 ・|五
| 歩 ・ 歩 ・ ・ 銀 歩 ・ ・|六
| ・ 歩 ・ 歩 歩 歩 ・ ・ 歩|七
| ・ 角 玉 ・ ・ ・ 飛 ・ ・|八
| 香 桂 銀 金 ・ 金 ・ 桂 香|九
+---------------------------+
先手の持駒：
SFEN: lnsg1g1nl/2k2br2/1pppps1pp/p4pp2/7P1/P1P2SP2/1P1PPP2P/1BK3R2/LNSG1G1NL w - 22
==================================================
[実盤面] 2025-04-13 18:21:53
後手の持駒：
  ９ ８ ７ ６ ５ ４ ３ ２ １
+---------------------------+
|v香v桂v銀v金 ・v金 ・v桂v香|一
| ・ ・v玉 ・ ・v角v飛 ・ ・|二
| ・v歩v歩v歩 ・v銀 ・v歩v歩|三
|v歩 ・ ・ ・v歩v歩v歩 ・ ・|四
| ・ ・ ・ ・ ・ ・ ・ 歩 ・|五
| 歩 ・ 歩 ・ ・ 銀 歩 ・ ・|六
| ・ 歩 ・ 歩 歩 歩 ・ ・ 歩|七
| ・ 角 玉 ・ ・ ・ 飛 ・ ・|八
| 香 桂 銀 金 ・ 金 ・ 桂 香|九
+---------------------------+
先手の持駒：
SFEN: lnsg1g1nl/2k2br2/1ppp1s1pp/p3ppp2/7P1/P1P2SP2/1P1PPP2P/1BK3R2/LNSG1G1NL b - 23
==================================================
[実盤面] 2025-04-13 18:21:58
後手の持駒：
  ９ ８ ７ ６ ５ ４ ３ ２ １
+---------------------------+
|v香v桂v銀v金 ・v金 ・v桂v香|一
| ・ ・v玉 ・ ・v角v飛 ・ ・|二
| ・v歩v歩v歩 ・v銀 ・v歩v歩|三
|v歩 ・ ・ ・v歩 ・v歩 ・ ・|四
| ・ ・ ・ ・ ・ 歩 ・ 歩 ・|五
| 歩 ・ 歩 ・ ・ 銀 歩 ・ ・|六
| ・ 歩 ・ 歩 歩 歩 ・ ・ 歩|七
| ・ 角 玉 ・ ・ ・ 飛 ・ ・|八
| 香 桂 銀 金 ・ 金 ・ 桂 香|九
+---------------------------+
先手の持駒：
SFEN: lnsg1g1nl/2k2br2/1ppp1s1pp/p3p1p2/5P1P1/P1P2SP2/1P1PPP2P/1BK3R2/LNSG1G1NL w - 24
==================================================
[実盤面] 2025-04-13 18:26:27
後手の持駒：
  ９ ８ ７ ６ ５ ４ ３ ２ １
+---------------------------+
|v香v桂v銀v金v玉v金v銀v桂v香|一
| ・v飛 ・ ・ ・ ・ ・v角 ・|二
|v歩v歩v歩v歩v歩v歩v歩v歩v歩|三
| ・ ・ ・ ・ ・ ・ ・ ・ ・|四
| ・ ・ ・ ・ ・ ・ ・ ・ ・|五
| ・ ・ ・ ・ ・ ・ ・ 歩 ・|六
| 歩 歩 歩 歩 歩 歩 歩 ・ 歩|七
| ・ 角 ・ ・ ・ ・ ・ 飛 ・|八
| 香 桂 銀 金 玉 金 銀 桂 香|九
+---------------------------+
先手の持駒：
SFEN: lnsgkgsnl/1r5b1/ppppppppp/9/9/7P1/PPPPPPP1P/1B5R1/LNSGKGSNL w - 2
==================================================
[実盤面] 2025-04-13 18:26:31
後手の持駒：
  ９ ８ ７ ６ ５ ４ ３ ２ １
+---------------------------+
|v香v桂v銀v金v玉v金v銀v桂v香|一
| ・v飛 ・ ・ ・ ・ ・v角 ・|二
|v歩v歩v歩v歩v歩v歩 ・v歩v歩|三
| ・ ・ ・ ・ ・ ・v歩 ・ ・|四
| ・ ・ ・ ・ ・ ・ ・ ・ ・|五
| ・ ・ ・ ・ ・ ・ ・ 歩 ・|六
| 歩 歩 歩 歩 歩 歩 歩 ・ 歩|七
| ・ 角 ・ ・ ・ ・ ・ 飛 ・|八
| 香 桂 銀 金 玉 金 銀 桂 香|九
+---------------------------+
先手の持駒：
SFEN: lnsgkgsnl/1r5b1/pppppp1pp/6p2/9/7P1/PPPPPPP1P/1B5R1/LNSGKGSNL b - 3
==================================================
[実盤面] 2025-04-13 18:26:34
後手の持駒：
  ９ ８ ７ ６ ５ ４ ３ ２ １
+---------------------------+
|v香v桂v銀v金v玉v金v銀v桂v香|一
| ・v飛 ・ ・ ・ ・ ・v角 ・|二
|v歩v歩v歩v歩v歩v歩 ・v歩v歩|三
| ・ ・ ・ ・ ・ ・v歩 ・ ・|四
| ・ ・ ・ ・ ・ ・ ・ ・ ・|五
| ・ ・ 歩 ・ ・ ・ ・ 歩 ・|六
| 歩 歩 ・ 歩 歩 歩 歩 ・ 歩|七
| ・ 角 ・ ・ ・ ・ ・ 飛 ・|八
| 香 桂 銀 金 玉 金 銀 桂 香|九
+---------------------------+
先手の持駒：
SFEN: lnsgkgsnl/1r5b1/pppppp1pp/6p2/9/2P4P1/PP1PPPP1P/1B5R1/LNSGKGSNL w - 4
==================================================
[実盤面] 2025-04-13 18:26:38
後手の持駒：
  ９ ８ ７ ６ ５ ４ ３ ２ １
+---------------------------+
|v香v桂v銀v金v玉v金v銀v桂v香|一
| ・v飛 ・ ・ ・ ・ ・v角 ・|二
|v歩v歩v歩v歩v歩 ・ ・v歩v歩|三
| ・ ・ ・ ・ ・v歩v歩 ・ ・|四
| ・ ・ ・ ・ ・ ・ ・ ・ ・|五
| ・ ・ 歩 ・ ・ ・ ・ 歩 ・|六
| 歩 歩 ・ 歩 歩 歩 歩 ・ 歩|七
| ・ 角 ・ ・ ・ ・ ・ 飛 ・|八
| 香 桂 銀 金 玉 金 銀 桂 香|九
+---------------------------+
先手の持駒：
SFEN: lnsgkgsnl/1r5b1/ppppp2pp/5pp2/9/2P4P1/PP1PPPP1P/1B5R1/LNSGKGSNL b - 5
==================================================
[実盤面] 2025-04-13 18:26:42
後手の持駒：
  ９ ８ ７ ６ ５ ４ ３ ２ １
+---------------------------+
|v香v桂v銀v金v玉v金v銀v桂v香|一
| ・v飛 ・ ・ ・ ・ ・v角 ・|二
|v歩v歩v歩v歩v歩 ・ ・v歩v歩|三
| ・ ・ ・ ・ ・v歩v歩 ・ ・|四
| ・ ・ ・ ・ ・ ・ ・ 歩 ・|五
| ・ ・ 歩 ・ ・ ・ ・ ・ ・|六
| 歩 歩 ・ 歩 歩 歩 歩 ・ 歩|七
| ・ 角 ・ ・ ・ ・ ・ 飛 ・|八
| 香 桂 銀 金 玉 金 銀 桂 香|九
+---------------------------+
先手の持駒：
SFEN: lnsgkgsnl/1r5b1/ppppp2pp/5pp2/7P1/2P6/PP1PPPP1P/1B5R1/LNSGKGSNL w - 6
==================================================
[実盤面] 2025-04-13 18:26:45
後手の持駒：
  ９ ８ ７ ６ ５ ４ ３ ２ １
+---------------------------+
|v香v桂v銀v金v玉v金v銀v桂v香|一
| ・v飛 ・ ・ ・ ・ ・ ・ ・|二
|v歩v歩v歩v歩v歩 ・v角v歩v歩|三
| ・ ・ ・ ・ ・v歩v歩 ・ ・|四
| ・ ・ ・ ・ ・ ・ ・ 歩 ・|五
| ・ ・ 歩 ・ ・ ・ ・ ・ ・|六
| 歩 歩 ・ 歩 歩 歩 歩 ・ 歩|七
| ・ 角 ・ ・ ・ ・ ・ 飛 ・|八
| 香 桂 銀 金 玉 金 銀 桂 香|九
+---------------------------+
先手の持駒：
SFEN: lnsgkgsnl/1r7/ppppp1bpp/5pp2/7P1/2P6/PP1PPPP1P/1B5R1/LNSGKGSNL b - 7
==================================================
[実盤面] 2025-04-13 18:26:51
後手の持駒：
  ９ ８ ７ ６ ５ ４ ３ ２ １
+---------------------------+
|v香v桂v銀v金v玉v金v銀v桂v香|一
| ・v飛 ・ ・ ・ ・ ・ ・ ・|二
|v歩v歩v歩v歩v歩 ・v角v歩v歩|三
| ・ ・ ・ ・ ・v歩v歩 ・ ・|四
| ・ ・ ・ ・ ・ ・ ・ 歩 ・|五
| ・ ・ 歩 ・ ・ ・ 歩 ・ ・|六
| 歩 歩 ・ 歩 歩 歩 ・ ・ 歩|七
| ・ 角 ・ ・ ・ ・ ・ 飛 ・|八
| 香 桂 銀 金 玉 金 銀 桂 香|九
+---------------------------+
先手の持駒：
SFEN: lnsgkgsnl/1r7/ppppp1bpp/5pp2/7P1/2P3P2/PP1PPP2P/1B5R1/LNSGKGSNL w - 8
==================================================
[実盤面] 2025-04-13 18:26:54
後手の持駒：
  ９ ８ ７ ６ ５ ４ ３ ２ １
+---------------------------+
|v香v桂v銀v金v玉v金v銀v桂v香|一
| ・ ・ ・ ・ ・ ・v飛 ・ ・|二
|v歩v歩v歩v歩v歩 ・v角v歩v歩|三
| ・ ・ ・ ・ ・v歩v歩 ・ ・|四
| ・ ・ ・ ・ ・ ・ ・ 歩 ・|五
| ・ ・ 歩 ・ ・ ・ 歩 ・ ・|六
| 歩 歩 ・ 歩 歩 歩 ・ ・ 歩|七
| ・ 角 ・ ・ ・ ・ ・ 飛 ・|八
| 香 桂 銀 金 玉 金 銀 桂 香|九
+---------------------------+
先手の持駒：
SFEN: lnsgkgsnl/6r2/ppppp1bpp/5pp2/7P1/2P3P2/PP1PPP2P/1B5R1/LNSGKGSNL b - 9
==================================================
[実盤面] 2025-04-13 18:26:59
後手の持駒：
  ９ ８ ７ ６ ５ ４ ３ ２ １
+---------------------------+
|v香v桂v銀v金v玉v金v銀v桂v香|一
| ・ ・ ・ ・ ・ ・v飛 ・ ・|二
|v歩v歩v歩v歩v歩 ・v角v歩v歩|三
| ・ ・ ・ ・ ・v歩v歩 ・ ・|四
| ・ ・ ・ ・ ・ ・ ・ 歩 ・|五
| ・ ・ 歩 ・ ・ ・ 歩 ・ ・|六
| 歩 歩 ・ 歩 歩 歩 ・ ・ 歩|七
| ・ 角 ・ ・ ・ ・ 銀 飛 ・|八
| 香 桂 銀 金 玉 金 ・ 桂 香|九
+---------------------------+
先手の持駒：
SFEN: lnsgkgsnl/6r2/ppppp1bpp/5pp2/7P1/2P3P2/PP1PPP2P/1B4SR1/LNSGKG1NL w - 10
==================================================
[実盤面] 2025-04-13 18:27:03
後手の持駒：
  ９ ８ ７ ６ ５ ４ ３ ２ １
+---------------------------+
|v香v桂v銀v金v玉v金v銀v桂v香|一
| ・ ・ ・ ・ ・ ・v飛 ・ ・|二
| ・v歩v歩v歩v歩 ・v角v歩v歩|三
|v歩 ・ ・ ・ ・v歩v歩 ・ ・|四
| ・ ・ ・ ・ ・ ・ ・ 歩 ・|五
| ・ ・ 歩 ・ ・ ・ 歩 ・ ・|六
| 歩 歩 ・ 歩 歩 歩 ・ ・ 歩|七
| ・ 角 ・ ・ ・ ・ 銀 飛 ・|八
| 香 桂 銀 金 玉 金 ・ 桂 香|九
+---------------------------+
先手の持駒：
SFEN: lnsgkgsnl/6r2/1pppp1bpp/p4pp2/7P1/2P3P2/PP1PPP2P/1B4SR1/LNSGKG1NL b - 11
==================================================
[実盤面] 2025-04-13 18:27:07
後手の持駒：
  ９ ８ ７ ６ ５ ４ ３ ２ １
+---------------------------+
|v香v桂v銀v金v玉v金v銀v桂v香|一
| ・ ・ ・ ・ ・ ・v飛 ・ ・|二
| ・v歩v歩v歩v歩 ・v角v歩v歩|三
|v歩 ・ ・ ・ ・v歩v歩 ・ ・|四
| ・ ・ ・ ・ ・ ・ ・ 歩 ・|五
| 歩 ・ 歩 ・ ・ ・ 歩 ・ ・|六
| ・ 歩 ・ 歩 歩 歩 ・ ・ 歩|七
| ・ 角 ・ ・ ・ ・ 銀 飛 ・|八
| 香 桂 銀 金 玉 金 ・ 桂 香|九
+---------------------------+
先手の持駒：
SFEN: lnsgkgsnl/6r2/1pppp1bpp/p4pp2/7P1/P1P3P2/1P1PPP2P/1B4SR1/LNSGKG1NL w - 12
==================================================
[実盤面] 2025-04-13 18:27:11
後手の持駒：
  ９ ８ ７ ６ ５ ４ ３ ２ １
+---------------------------+
|v香v桂v銀v金 ・v金v銀v桂v香|一
| ・ ・ ・v玉 ・ ・v飛 ・ ・|二
| ・v歩v歩v歩v歩 ・v角v歩v歩|三
|v歩 ・ ・ ・ ・v歩v歩 ・ ・|四
| ・ ・ ・ ・ ・ ・ ・ 歩 ・|五
| 歩 ・ 歩 ・ ・ ・ 歩 ・ ・|六
| ・ 歩 ・ 歩 歩 歩 ・ ・ 歩|七
| ・ 角 ・ ・ ・ ・ 銀 飛 ・|八
| 香 桂 銀 金 玉 金 ・ 桂 香|九
+---------------------------+
先手の持駒：
SFEN: lnsg1gsnl/3k2r2/1pppp1bpp/p4pp2/7P1/P1P3P2/1P1PPP2P/1B4SR1/LNSGKG1NL b - 13
==================================================
[実盤面] 2025-04-13 18:27:15
後手の持駒：
  ９ ８ ７ ６ ５ ４ ３ ２ １
+---------------------------+
|v香v桂v銀v金 ・v金v銀v桂v香|一
| ・ ・ ・v玉 ・ ・v飛 ・ ・|二
| ・v歩v歩v歩v歩 ・v角v歩v歩|三
|v歩 ・ ・ ・ ・v歩v歩 ・ ・|四
| ・ ・ ・ ・ ・ ・ ・ 歩 ・|五
| 歩 ・ 歩 ・ ・ ・ 歩 ・ ・|六
| ・ 歩 ・ 歩 歩 歩 ・ ・ 歩|七
| ・ 角 ・ 玉 ・ ・ 銀 飛 ・|八
| 香 桂 銀 金 ・ 金 ・ 桂 香|九
+---------------------------+
先手の持駒：
SFEN: lnsg1gsnl/3k2r2/1pppp1bpp/p4pp2/7P1/P1P3P2/1P1PPP2P/1B1K2SR1/LNSG1G1NL w - 14
==================================================
[実盤面] 2025-04-13 18:27:20
後手の持駒：
  ９ ８ ７ ６ ５ ４ ３ ２ １
+---------------------------+
|v香v桂v銀v金 ・v金 ・v桂v香|一
| ・ ・ ・v玉 ・v銀v飛 ・ ・|二
| ・v歩v歩v歩v歩 ・v角v歩v歩|三
|v歩 ・ ・ ・ ・v歩v歩 ・ ・|四
| ・ ・ ・ ・ ・ ・ ・ 歩 ・|五
| 歩 ・ 歩 ・ ・ ・ 歩 ・ ・|六
| ・ 歩 ・ 歩 歩 歩 ・ ・ 歩|七
| ・ 角 ・ 玉 ・ ・ 銀 飛 ・|八
| 香 桂 銀 金 ・ 金 ・ 桂 香|九
+---------------------------+
先手の持駒：
SFEN: lnsg1g1nl/3k1sr2/1pppp1bpp/p4pp2/7P1/P1P3P2/1P1PPP2P/1B1K2SR1/LNSG1G1NL b - 15
==================================================
[実盤面] 2025-04-13 18:27:23
後手の持駒：
  ９ ８ ７ ６ ５ ４ ３ ２ １
+---------------------------+
|v香v桂v銀v金 ・v金 ・v桂v香|一
| ・ ・ ・v玉 ・v銀v飛 ・ ・|二
| ・v歩v歩v歩v歩 ・v角v歩v歩|三
|v歩 ・ ・ ・ ・v歩v歩 ・ ・|四
| ・ ・ ・ ・ ・ ・ ・ 歩 ・|五
| 歩 ・ 歩 ・ ・ ・ 歩 ・ ・|六
| ・ 歩 ・ 歩 歩 歩 銀 ・ 歩|七
| ・ 角 ・ 玉 ・ ・ ・ 飛 ・|八
| 香 桂 銀 金 ・ 金 ・ 桂 香|九
+---------------------------+
先手の持駒：
SFEN: lnsg1g1nl/3k1sr2/1pppp1bpp/p4pp2/7P1/P1P3P2/1P1PPPS1P/1B1K3R1/LNSG1G1NL w - 16
==================================================
[実盤面] 2025-04-13 18:27:28
後手の持駒：
  ９ ８ ７ ６ ５ ４ ３ ２ １
+---------------------------+
|v香v桂v銀v金 ・v金 ・v桂v香|一
| ・ ・v玉 ・ ・v銀v飛 ・ ・|二
| ・v歩v歩v歩v歩 ・v角v歩v歩|三
|v歩 ・ ・ ・ ・v歩v歩 ・ ・|四
| ・ ・ ・ ・ ・ ・ ・ 歩 ・|五
| 歩 ・ 歩 ・ ・ ・ 歩 ・ ・|六
| ・ 歩 ・ 歩 歩 歩 銀 ・ 歩|七
| ・ 角 ・ 玉 ・ ・ ・ 飛 ・|八
| 香 桂 銀 金 ・ 金 ・ 桂 香|九
+---------------------------+
先手の持駒：
SFEN: lnsg1g1nl/2k2sr2/1pppp1bpp/p4pp2/7P1/P1P3P2/1P1PPPS1P/1B1K3R1/LNSG1G1NL b - 17
==================================================
[実盤面] 2025-04-13 18:27:33
後手の持駒：
  ９ ８ ７ ６ ５ ４ ３ ２ １
+---------------------------+
|v香v桂v銀v金 ・v金 ・v桂v香|一
| ・ ・v玉 ・ ・v銀v飛 ・ ・|二
| ・v歩v歩v歩v歩 ・v角v歩v歩|三
|v歩 ・ ・ ・ ・v歩v歩 ・ ・|四
| ・ ・ ・ ・ ・ ・ ・ 歩 ・|五
| 歩 ・ 歩 ・ ・ ・ 歩 ・ ・|六
| ・ 歩 ・ 歩 歩 歩 銀 ・ 歩|七
| ・ 角 ・ 玉 ・ ・ 飛 ・ ・|八
| 香 桂 銀 金 ・ 金 ・ 桂 香|九
+---------------------------+
先手の持駒：
SFEN: lnsg1g1nl/2k2sr2/1pppp1bpp/p4pp2/7P1/P1P3P2/1P1PPPS1P/1B1K2R2/LNSG1G1NL w - 18
==================================================
[実盤面] 2025-04-13 18:27:37
後手の持駒：
  ９ ８ ７ ６ ５ ４ ３ ２ １
+---------------------------+
|v香v桂v銀v金 ・v金 ・v桂v香|一
| ・ ・v玉 ・ ・ ・v飛 ・ ・|二
| ・v歩v歩v歩v歩v銀v角v歩v歩|三
|v歩 ・ ・ ・ ・v歩v歩 ・ ・|四
| ・ ・ ・ ・ ・ ・ ・ 歩 ・|五
| 歩 ・ 歩 ・ ・ ・ 歩 ・ ・|六
| ・ 歩 ・ 歩 歩 歩 銀 ・ 歩|七
| ・ 角 ・ 玉 ・ ・ 飛 ・ ・|八
| 香 桂 銀 金 ・ 金 ・ 桂 香|九
+---------------------------+
先手の持駒：
SFEN: lnsg1g1nl/2k3r2/1ppppsbpp/p4pp2/7P1/P1P3P2/1P1PPPS1P/1B1K2R2/LNSG1G1NL b - 19
==================================================
[実盤面] 2025-04-13 18:27:41
後手の持駒：
  ９ ８ ７ ６ ５ ４ ３ ２ １
+---------------------------+
|v香v桂v銀v金 ・v金 ・v桂v香|一
| ・ ・v玉 ・ ・ ・v飛 ・ ・|二
| ・v歩v歩v歩v歩v銀v角v歩v歩|三
|v歩 ・ ・ ・ ・v歩v歩 ・ ・|四
| ・ ・ ・ ・ ・ ・ ・ 歩 ・|五
| 歩 ・ 歩 ・ ・ ・ 歩 ・ ・|六
| ・ 歩 ・ 歩 歩 歩 銀 ・ 歩|七
| ・ 角 玉 ・ ・ ・ 飛 ・ ・|八
| 香 桂 銀 金 ・ 金 ・ 桂 香|九
+---------------------------+
先手の持駒：
SFEN: lnsg1g1nl/2k3r2/1ppppsbpp/p4pp2/7P1/P1P3P2/1P1PPPS1P/1BK3R2/LNSG1G1NL w - 20
==================================================
[実盤面] 2025-04-13 18:27:45
後手の持駒：
  ９ ８ ７ ６ ５ ４ ３ ２ １
+---------------------------+
|v香v桂v銀v金 ・v金 ・v桂v香|一
| ・ ・v玉 ・ ・v角v飛 ・ ・|二
| ・v歩v歩v歩v歩v銀 ・v歩v歩|三
|v歩 ・ ・ ・ ・v歩v歩 ・ ・|四
| ・ ・ ・ ・ ・ ・ ・ 歩 ・|五
| 歩 ・ 歩 ・ ・ ・ 歩 ・ ・|六
| ・ 歩 ・ 歩 歩 歩 銀 ・ 歩|七
| ・ 角 玉 ・ ・ ・ 飛 ・ ・|八
| 香 桂 銀 金 ・ 金 ・ 桂 香|九
+---------------------------+
先手の持駒：
SFEN: lnsg1g1nl/2k2br2/1pppps1pp/p4pp2/7P1/P1P3P2/1P1PPPS1P/1BK3R2/LNSG1G1NL b - 21
==================================================
[実盤面] 2025-04-13 18:27:48
後手の持駒：
  ９ ８ ７ ６ ５ ４ ３ ２ １
+---------------------------+
|v香v桂v銀v金 ・v金 ・v桂v香|一
| ・ ・v玉 ・ ・v角v飛 ・ ・|二
| ・v歩v歩v歩v歩v銀 ・v歩v歩|三
|v歩 ・ ・ ・ ・v歩v歩 ・ ・|四
| ・ ・ ・ ・ ・ ・ ・ 歩 ・|五
| 歩 ・ 歩 ・ ・ 銀 歩 ・ ・|六
| ・ 歩 ・ 歩 歩 歩 ・ ・ 歩|七
| ・ 角 玉 ・ ・ ・ 飛 ・ ・|八
| 香 桂 銀 金 ・ 金 ・ 桂 香|九
+---------------------------+
先手の持駒：
SFEN: lnsg1g1nl/2k2br2/1pppps1pp/p4pp2/7P1/P1P2SP2/1P1PPP2P/1BK3R2/LNSG1G1NL w - 22
==================================================
[実盤面] 2025-04-13 18:27:52
後手の持駒：
  ９ ８ ７ ６ ５ ４ ３ ２ １
+---------------------------+
|v香v桂v銀v金 ・v金 ・v桂v香|一
| ・ ・v玉 ・ ・v角v飛 ・ ・|二
| ・v歩v歩v歩 ・v銀 ・v歩v歩|三
|v歩 ・ ・ ・v歩v歩v歩 ・ ・|四
| ・ ・ ・ ・ ・ ・ ・ 歩 ・|五
| 歩 ・ 歩 ・ ・ 銀 歩 ・ ・|六
| ・ 歩 ・ 歩 歩 歩 ・ ・ 歩|七
| ・ 角 玉 ・ ・ ・ 飛 ・ ・|八
| 香 桂 銀 金 ・ 金 ・ 桂 香|九
+---------------------------+
先手の持駒：
SFEN: lnsg1g1nl/2k2br2/1ppp1s1pp/p3ppp2/7P1/P1P2SP2/1P1PPP2P/1BK3R2/LNSG1G1NL b - 23
==================================================
[実盤面] 2025-04-13 18:27:56
後手の持駒：
  ９ ８ ７ ６ ５ ４ ３ ２ １
+---------------------------+
|v香v桂v銀v金 ・v金 ・v桂v香|一
| ・ ・v玉 ・ ・v角v飛 ・ ・|二
| ・v歩v歩v歩 ・v銀 ・v歩v歩|三
|v歩 ・ ・ ・v歩 ・v歩 ・ ・|四
| ・ ・ ・ ・ ・ 歩 ・ 歩 ・|五
| 歩 ・ 歩 ・ ・ 銀 歩 ・ ・|六
| ・ 歩 ・ 歩 歩 歩 ・ ・ 歩|七
| ・ 角 玉 ・ ・ ・ 飛 ・ ・|八
| 香 桂 銀 金 ・ 金 ・ 桂 香|九
+---------------------------+
先手の持駒：
SFEN: lnsg1g1nl/2k2br2/1ppp1s1pp/p3p1p2/5P1P1/P1P2SP2/1P1PPP2P/1BK3R2/LNSG1G1NL w - 24
==================================================
[実盤面] 2025-04-13 18:30:08
後手の持駒：
  ９ ８ ７ ６ ５ ４ ３ ２ １
+---------------------------+
|v香v桂v銀v金v玉v金v銀v桂v香|一
| ・v飛 ・ ・ ・ ・ ・v角 ・|二
|v歩v歩v歩v歩v歩v歩v歩v歩v歩|三
| ・ ・ ・ ・ ・ ・ ・ ・ ・|四
| ・ ・ ・ ・ ・ ・ ・ ・ ・|五
| ・ ・ 歩 ・ ・ ・ ・ ・ ・|六
| 歩 歩 ・ 歩 歩 歩 歩 歩 歩|七
| ・ 角 ・ ・ ・ ・ ・ 飛 ・|八
| 香 桂 銀 金 玉 金 銀 桂 香|九
+---------------------------+
先手の持駒：
SFEN: lnsgkgsnl/1r5b1/ppppppppp/9/9/2P6/PP1PPPPPP/1B5R1/LNSGKGSNL w - 2
==================================================
[実盤面] 2025-04-13 18:30:11
後手の持駒：
  ９ ８ ７ ６ ５ ４ ３ ２ １
+---------------------------+
|v香v桂v銀v金v玉v金v銀v桂v香|一
| ・v飛 ・ ・ ・ ・ ・v角 ・|二
|v歩 ・v歩v歩v歩v歩v歩v歩v歩|三
| ・v歩 ・ ・ ・ ・ ・ ・ ・|四
| ・ ・ ・ ・ ・ ・ ・ ・ ・|五
| ・ ・ 歩 ・ ・ ・ ・ ・ ・|六
| 歩 歩 ・ 歩 歩 歩 歩 歩 歩|七
| ・ 角 ・ ・ ・ ・ ・ 飛 ・|八
| 香 桂 銀 金 玉 金 銀 桂 香|九
+---------------------------+
先手の持駒：
SFEN: lnsgkgsnl/1r5b1/p1ppppppp/1p7/9/2P6/PP1PPPPPP/1B5R1/LNSGKGSNL b - 3
==================================================
[実盤面] 2025-04-13 18:30:16
後手の持駒：
  ９ ８ ７ ６ ５ ４ ３ ２ １
+---------------------------+
|v香v桂v銀v金v玉v金v銀v桂v香|一
| ・v飛 ・ ・ ・ ・ ・v角 ・|二
|v歩 ・v歩v歩v歩v歩v歩v歩v歩|三
| ・v歩 ・ ・ ・ ・ ・ ・ ・|四
| ・ ・ ・ ・ ・ ・ ・ ・ ・|五
| ・ ・ 歩 ・ ・ ・ ・ ・ ・|六
| 歩 歩 ・ 歩 歩 歩 歩 歩 歩|七
| ・ 角 飛 ・ ・ ・ ・ ・ ・|八
| 香 桂 銀 金 玉 金 銀 桂 香|九
+---------------------------+
先手の持駒：
SFEN: lnsgkgsnl/1r5b1/p1ppppppp/1p7/9/2P6/PP1PPPPPP/1BR6/LNSGKGSNL w - 4
==================================================
[実盤面] 2025-04-13 18:30:20
後手の持駒：
  ９ ８ ７ ６ ５ ４ ３ ２ １
+---------------------------+
|v香v桂v銀v金v玉v金v銀v桂v香|一
| ・v飛 ・ ・ ・ ・ ・v角 ・|二
|v歩 ・v歩v歩v歩v歩v歩v歩v歩|三
| ・ ・ ・ ・ ・ ・ ・ ・ ・|四
| ・v歩 ・ ・ ・ ・ ・ ・ ・|五
| ・ ・ 歩 ・ ・ ・ ・ ・ ・|六
| 歩 歩 ・ 歩 歩 歩 歩 歩 歩|七
| ・ 角 飛 ・ ・ ・ ・ ・ ・|八
| 香 桂 銀 金 玉 金 銀 桂 香|九
+---------------------------+
先手の持駒：
SFEN: lnsgkgsnl/1r5b1/p1ppppppp/9/1p7/2P6/PP1PPPPPP/1BR6/LNSGKGSNL b - 5
==================================================
[実盤面] 2025-04-13 18:30:21
後手の持駒：
  ９ ８ ７ ６ ５ ４ ３ ２ １
+---------------------------+
|v香v桂v銀v金v玉v金v銀v桂v香|一
| ・v飛 ・ ・ ・ ・ ・v角 ・|二
|v歩 ・v歩v歩v歩v歩v歩v歩v歩|三
| ・ ・ ・ ・ ・ ・ ・ ・ ・|四
| ・v歩 歩 ・ ・ ・ ・ ・ ・|五
| ・ ・ ・ ・ ・ ・ ・ ・ ・|六
| 歩 歩 ・ 歩 歩 歩 歩 歩 歩|七
| ・ 角 飛 ・ ・ ・ ・ ・ ・|八
| 香 桂 銀 金 玉 金 銀 桂 香|九
+---------------------------+
先手の持駒：
SFEN: lnsgkgsnl/1r5b1/p1ppppppp/9/1pP6/9/PP1PPPPPP/1BR6/LNSGKGSNL w - 6
==================================================
[実盤面] 2025-04-13 18:30:25
後手の持駒：
  ９ ８ ７ ６ ５ ４ ３ ２ １
+---------------------------+
|v香v桂v銀v金v玉v金v銀v桂v香|一
| ・v飛 ・ ・ ・ ・ ・v角 ・|二
|v歩 ・v歩v歩v歩v歩v歩v歩v歩|三
| ・ ・ ・ ・ ・ ・ ・ ・ ・|四
| ・ ・ 歩 ・ ・ ・ ・ ・ ・|五
| ・v歩 ・ ・ ・ ・ ・ ・ ・|六
| 歩 歩 ・ 歩 歩 歩 歩 歩 歩|七
| ・ 角 飛 ・ ・ ・ ・ ・ ・|八
| 香 桂 銀 金 玉 金 銀 桂 香|九
+---------------------------+
先手の持駒：
SFEN: lnsgkgsnl/1r5b1/p1ppppppp/9/2P6/1p7/PP1PPPPPP/1BR6/LNSGKGSNL b - 7
==================================================
[実盤面] 2025-04-13 18:30:31
後手の持駒：
  ９ ８ ７ ６ ５ ４ ３ ２ １
+---------------------------+
|v香v桂v銀v金v玉v金v銀v桂v香|一
| ・v飛 ・ ・ ・ ・ ・v角 ・|二
|v歩 ・v歩v歩v歩v歩v歩v歩v歩|三
| ・ ・ 歩 ・ ・ ・ ・ ・ ・|四
| ・ ・ ・ ・ ・ ・ ・ ・ ・|五
| ・v歩 ・ ・ ・ ・ ・ ・ ・|六
| 歩 歩 ・ 歩 歩 歩 歩 歩 歩|七
| ・ 角 飛 ・ ・ ・ ・ ・ ・|八
| 香 桂 銀 金 玉 金 銀 桂 香|九
+---------------------------+
先手の持駒：
SFEN: lnsgkgsnl/1r5b1/p1ppppppp/2P6/9/1p7/PP1PPPPPP/1BR6/LNSGKGSNL w - 8
==================================================
[実盤面] 2025-04-13 18:30:35
後手の持駒：　歩
  ９ ８ ７ ６ ５ ４ ３ ２ １
+---------------------------+
|v香v桂v銀v金v玉v金v銀v桂v香|一
| ・v飛 ・ ・ ・ ・ ・v角 ・|二
|v歩 ・v歩v歩v歩v歩v歩v歩v歩|三
| ・ ・ 歩 ・ ・ ・ ・ ・ ・|四
| ・ ・ ・ ・ ・ ・ ・ ・ ・|五
| ・ ・ ・ ・ ・ ・ ・ ・ ・|六
| 歩vと ・ 歩 歩 歩 歩 歩 歩|七
| ・ 角 飛 ・ ・ ・ ・ ・ ・|八
| 香 桂 銀 金 玉 金 銀 桂 香|九
+---------------------------+
先手の持駒：
SFEN: lnsgkgsnl/1r5b1/p1ppppppp/2P6/9/9/P+p1PPPPPP/1BR6/LNSGKGSNL b p 9
==================================================
[実盤面] 2025-04-13 18:30:39
後手の持駒：　歩
  ９ ８ ７ ６ ５ ４ ３ ２ １
+---------------------------+
|v香v桂v銀v金v玉v金v銀v桂v香|一
| ・v飛 ・ ・ ・ ・ ・v角 ・|二
|v歩 ・v歩v歩v歩v歩v歩v歩v歩|三
| ・ ・ 歩 ・ ・ ・ ・ ・ ・|四
| ・ ・ 飛 ・ ・ ・ ・ ・ ・|五
| ・ ・ ・ ・ ・ ・ ・ ・ ・|六
| 歩vと ・ 歩 歩 歩 歩 歩 歩|七
| ・ 角 ・ ・ ・ ・ ・ ・ ・|八
| 香 桂 銀 金 玉 金 銀 桂 香|九
+---------------------------+
先手の持駒：
SFEN: lnsgkgsnl/1r5b1/p1ppppppp/2P6/2R6/9/P+p1PPPPPP/1B7/LNSGKGSNL w p 10
==================================================
[実盤面] 2025-04-13 18:30:43
後手の持駒：　角　歩
  ９ ８ ７ ６ ５ ４ ３ ２ １
+---------------------------+
|v香v桂v銀v金v玉v金v銀v桂v香|一
| ・v飛 ・ ・ ・ ・ ・v角 ・|二
|v歩 ・v歩v歩v歩v歩v歩v歩v歩|三
| ・ ・ 歩 ・ ・ ・ ・ ・ ・|四
| ・ ・ 飛 ・ ・ ・ ・ ・ ・|五
| ・ ・ ・ ・ ・ ・ ・ ・ ・|六
| 歩 ・ ・ 歩 歩 歩 歩 歩 歩|七
| ・vと ・ ・ ・ ・ ・ ・ ・|八
| 香 桂 銀 金 玉 金 銀 桂 香|九
+---------------------------+
先手の持駒：
SFEN: lnsgkgsnl/1r5b1/p1ppppppp/2P6/2R6/9/P2PPPPPP/1+p7/LNSGKGSNL b bp 11
==================================================
[実盤面] 2025-04-13 18:30:50
後手の持駒：　角　歩
  ９ ８ ７ ６ ５ ４ ３ ２ １
+---------------------------+
|v香v桂v銀v金v玉v金v銀v桂v香|一
| ・v飛 ・ ・ ・ ・ ・v角 ・|二
|v歩 ・ とv歩v歩v歩v歩v歩v歩|三
| ・ ・ ・ ・ ・ ・ ・ ・ ・|四
| ・ ・ 飛 ・ ・ ・ ・ ・ ・|五
| ・ ・ ・ ・ ・ ・ ・ ・ ・|六
| 歩 ・ ・ 歩 歩 歩 歩 歩 歩|七
| ・vと ・ ・ ・ ・ ・ ・ ・|八
| 香 桂 銀 金 玉 金 銀 桂 香|九
+---------------------------+
先手の持駒：　歩
SFEN: lnsgkgsnl/1r5b1/p1+Ppppppp/9/2R6/9/P2PPPPPP/1+p7/LNSGKGSNL w Pbp 12
==================================================
[実盤面] 2025-04-13 18:30:54
後手の持駒：　角　歩
  ９ ８ ７ ６ ５ ４ ３ ２ １
+---------------------------+
|v香v桂v銀v金v玉v金v銀v桂v香|一
| ・ ・ ・ ・ ・ ・ ・v角 ・|二
|v歩 ・ とv歩v歩v歩v歩v歩v歩|三
| ・ ・ ・ ・ ・ ・ ・ ・ ・|四
| ・ ・ 飛 ・ ・ ・ ・ ・ ・|五
| ・v飛 ・ ・ ・ ・ ・ ・ ・|六
| 歩 ・ ・ 歩 歩 歩 歩 歩 歩|七
| ・vと ・ ・ ・ ・ ・ ・ ・|八
| 香 桂 銀 金 玉 金 銀 桂 香|九
+---------------------------+
先手の持駒：　歩
SFEN: lnsgkgsnl/7b1/p1+Ppppppp/9/2R6/1r7/P2PPPPPP/1+p7/LNSGKGSNL b Pbp 13
==================================================
[実盤面] 2025-04-13 18:31:02
後手の持駒：　角　歩
  ９ ８ ７ ６ ５ ４ ３ ２ １
+---------------------------+
|v香v桂v銀v金v玉v金v銀v桂v香|一
| ・ ・ と ・ ・ ・ ・v角 ・|二
|v歩 ・ ・v歩v歩v歩v歩v歩v歩|三
| ・ ・ ・ ・ ・ ・ ・ ・ ・|四
| ・ ・ 飛 ・ ・ ・ ・ ・ ・|五
| ・v飛 ・ ・ ・ ・ ・ ・ ・|六
| 歩 ・ ・ 歩 歩 歩 歩 歩 歩|七
| ・vと ・ ・ ・ ・ ・ ・ ・|八
| 香 桂 銀 金 玉 金 銀 桂 香|九
+---------------------------+
先手の持駒：　歩
SFEN: lnsgkgsnl/2+P4b1/p2pppppp/9/2R6/1r7/P2PPPPPP/1+p7/LNSGKGSNL w Pbp 14
==================================================
[実盤面] 2025-04-13 18:31:06
後手の持駒：　角　金　歩
  ９ ８ ７ ６ ５ ４ ３ ２ １
+---------------------------+
|v香v桂v銀vとv玉v金v銀v桂v香|一
| ・ ・ ・ ・ ・ ・ ・v角 ・|二
|v歩 ・ ・v歩v歩v歩v歩v歩v歩|三
| ・ ・ ・ ・ ・ ・ ・ ・ ・|四
| ・ ・ 飛 ・ ・ ・ ・ ・ ・|五
| ・v飛 ・ ・ ・ ・ ・ ・ ・|六
| 歩 ・ ・ 歩 歩 歩 歩 歩 歩|七
| ・vと ・ ・ ・ ・ ・ ・ ・|八
| 香 桂 銀 金 玉 金 銀 桂 香|九
+---------------------------+
先手の持駒：　歩
SFEN: lns+pkgsnl/7b1/p2pppppp/9/2R6/1r7/P2PPPPPP/1+p7/LNSGKGSNL b Pbgp 15
==================================================
[実盤面] 2025-04-13 18:37:08
後手の持駒：
  ９ ８ ７ ６ ５ ４ ３ ２ １
+---------------------------+
|v香v桂v銀v金v玉v金v銀v桂v香|一
| ・v飛 ・ ・ ・ ・ ・v角 ・|二
|v歩v歩v歩v歩v歩v歩v歩v歩v歩|三
| ・ ・ ・ ・ ・ ・ ・ ・ ・|四
| ・ ・ ・ ・ ・ ・ ・ ・ ・|五
| ・ 歩 ・ ・ ・ ・ ・ ・ ・|六
| 歩 ・ 歩 歩 歩 歩 歩 歩 歩|七
| ・ 角 ・ ・ ・ ・ ・ 飛 ・|八
| 香 桂 銀 金 玉 金 銀 桂 香|九
+---------------------------+
先手の持駒：
SFEN: lnsgkgsnl/1r5b1/ppppppppp/9/9/1P7/P1PPPPPPP/1B5R1/LNSGKGSNL w - 2
==================================================
[実盤面] 2025-04-13 18:37:13
後手の持駒：
  ９ ８ ７ ６ ５ ４ ３ ２ １
+---------------------------+
|v香v桂v銀v金v玉v金v銀v桂v香|一
| ・v飛 ・ ・ ・ ・ ・v角 ・|二
|v歩v歩v歩v歩v歩v歩 ・v歩v歩|三
| ・ ・ ・ ・ ・ ・v歩 ・ ・|四
| ・ ・ ・ ・ ・ ・ ・ ・ ・|五
| ・ 歩 ・ ・ ・ ・ ・ ・ ・|六
| 歩 ・ 歩 歩 歩 歩 歩 歩 歩|七
| ・ 角 ・ ・ ・ ・ ・ 飛 ・|八
| 香 桂 銀 金 玉 金 銀 桂 香|九
+---------------------------+
先手の持駒：
SFEN: lnsgkgsnl/1r5b1/pppppp1pp/6p2/9/1P7/P1PPPPPPP/1B5R1/LNSGKGSNL b - 3
==================================================
[実盤面] 2025-04-13 18:40:56
後手の持駒：
  ９ ８ ７ ６ ５ ４ ３ ２ １
+---------------------------+
|v香v桂v銀v金v玉v金v銀v桂v香|一
| ・v飛 ・ ・ ・ ・ ・v角 ・|二
|v歩v歩v歩v歩v歩v歩v歩v歩v歩|三
| ・ ・ ・ ・ ・ ・ ・ ・ ・|四
| ・ ・ ・ ・ ・ ・ ・ ・ ・|五
| ・ 歩 ・ ・ ・ ・ ・ ・ ・|六
| 歩 ・ 歩 歩 歩 歩 歩 歩 歩|七
| ・ 角 ・ ・ ・ ・ ・ 飛 ・|八
| 香 桂 銀 金 玉 金 銀 桂 香|九
+---------------------------+
先手の持駒：
SFEN: lnsgkgsnl/1r5b1/ppppppppp/9/9/1P7/P1PPPPPPP/1B5R1/LNSGKGSNL w - 2
==================================================
[実盤面] 2025-04-13 18:41:02
後手の持駒：
  ９ ８ ７ ６ ５ ４ ３ ２ １
+---------------------------+
|v香v桂v銀v金v玉v金v銀v桂v香|一
| ・v飛 ・ ・ ・ ・ ・v角 ・|二
|v歩v歩v歩v歩v歩v歩 ・v歩v歩|三
| ・ ・ ・ ・ ・ ・v歩 ・ ・|四
| ・ ・ ・ ・ ・ ・ ・ ・ ・|五
| ・ 歩 ・ ・ ・ ・ ・ ・ ・|六
| 歩 ・ 歩 歩 歩 歩 歩 歩 歩|七
| ・ 角 ・ ・ ・ ・ ・ 飛 ・|八
| 香 桂 銀 金 玉 金 銀 桂 香|九
+---------------------------+
先手の持駒：
SFEN: lnsgkgsnl/1r5b1/pppppp1pp/6p2/9/1P7/P1PPPPPPP/1B5R1/LNSGKGSNL b - 3
==================================================
[実盤面] 2025-04-13 18:41:05
後手の持駒：
  ９ ８ ７ ６ ５ ４ ３ ２ １
+---------------------------+
|v香v桂v銀v金v玉v金v銀v桂v香|一
| ・v飛 ・ ・ ・ ・ ・v角 ・|二
|v歩v歩v歩v歩v歩v歩 ・v歩v歩|三
| ・ ・ ・ ・ ・ ・v歩 ・ ・|四
| ・ 歩 ・ ・ ・ ・ ・ ・ ・|五
| ・ ・ ・ ・ ・ ・ ・ ・ ・|六
| 歩 ・ 歩 歩 歩 歩 歩 歩 歩|七
| ・ 角 ・ ・ ・ ・ ・ 飛 ・|八
| 香 桂 銀 金 玉 金 銀 桂 香|九
+---------------------------+
先手の持駒：
SFEN: lnsgkgsnl/1r5b1/pppppp1pp/6p2/1P7/9/P1PPPPPPP/1B5R1/LNSGKGSNL w - 4
==================================================
[実盤面] 2025-04-13 18:41:09
後手の持駒：
  ９ ８ ７ ６ ５ ４ ３ ２ １
+---------------------------+
|v香v桂v銀v金v玉 ・v銀v桂v香|一
| ・v飛 ・ ・ ・ ・v金v角 ・|二
|v歩v歩v歩v歩v歩v歩 ・v歩v歩|三
| ・ ・ ・ ・ ・ ・v歩 ・ ・|四
| ・ 歩 ・ ・ ・ ・ ・ ・ ・|五
| ・ ・ ・ ・ ・ ・ ・ ・ ・|六
| 歩 ・ 歩 歩 歩 歩 歩 歩 歩|七
| ・ 角 ・ ・ ・ ・ ・ 飛 ・|八
| 香 桂 銀 金 玉 金 銀 桂 香|九
+---------------------------+
先手の持駒：
SFEN: lnsgk1snl/1r4gb1/pppppp1pp/6p2/1P7/9/P1PPPPPPP/1B5R1/LNSGKGSNL b - 5
==================================================
[実盤面] 2025-04-13 18:41:11
後手の持駒：
  ９ ８ ７ ６ ５ ４ ３ ２ １
+---------------------------+
|v香v桂v銀v金v玉 ・v銀v桂v香|一
| ・v飛 ・ ・ ・ ・v金v角 ・|二
|v歩v歩v歩v歩v歩v歩 ・v歩v歩|三
| ・ 歩 ・ ・ ・ ・v歩 ・ ・|四
| ・ ・ ・ ・ ・ ・ ・ ・ ・|五
| ・ ・ ・ ・ ・ ・ ・ ・ ・|六
| 歩 ・ 歩 歩 歩 歩 歩 歩 歩|七
| ・ 角 ・ ・ ・ ・ ・ 飛 ・|八
| 香 桂 銀 金 玉 金 銀 桂 香|九
+---------------------------+
先手の持駒：
SFEN: lnsgk1snl/1r4gb1/pppppp1pp/1P4p2/9/9/P1PPPPPPP/1B5R1/LNSGKGSNL w - 6
==================================================
[実盤面] 2025-04-13 18:41:14
後手の持駒：　歩
  ９ ８ ７ ６ ５ ４ ３ ２ １
+---------------------------+
|v香v桂v銀v金v玉 ・v銀v桂v香|一
| ・v飛 ・ ・ ・ ・v金v角 ・|二
|v歩 ・v歩v歩v歩v歩 ・v歩v歩|三
| ・v歩 ・ ・ ・ ・v歩 ・ ・|四
| ・ ・ ・ ・ ・ ・ ・ ・ ・|五
| ・ ・ ・ ・ ・ ・ ・ ・ ・|六
| 歩 ・ 歩 歩 歩 歩 歩 歩 歩|七
| ・ 角 ・ ・ ・ ・ ・ 飛 ・|八
| 香 桂 銀 金 玉 金 銀 桂 香|九
+---------------------------+
先手の持駒：
SFEN: lnsgk1snl/1r4gb1/p1pppp1pp/1p4p2/9/9/P1PPPPPPP/1B5R1/LNSGKGSNL b p 7
==================================================
[実盤面] 2025-04-13 18:41:17
後手の持駒：　歩
  ９ ８ ７ ６ ５ ４ ３ ２ １
+---------------------------+
|v香v桂v銀v金v玉 ・v銀v桂v香|一
| ・v飛 ・ ・ ・ ・v金v角 ・|二
|v歩 ・v歩v歩v歩v歩 ・v歩v歩|三
| ・v歩 ・ ・ ・ ・v歩 ・ ・|四
| ・ ・ ・ ・ ・ ・ ・ ・ ・|五
| ・ ・ 歩 ・ ・ ・ ・ ・ ・|六
| 歩 ・ ・ 歩 歩 歩 歩 歩 歩|七
| ・ 角 ・ ・ ・ ・ ・ 飛 ・|八
| 香 桂 銀 金 玉 金 銀 桂 香|九
+---------------------------+
先手の持駒：
SFEN: lnsgk1snl/1r4gb1/p1pppp1pp/1p4p2/9/2P6/P2PPPPPP/1B5R1/LNSGKGSNL w p 8
==================================================
[実盤面] 2025-04-13 18:41:21
後手の持駒：　歩
  ９ ８ ７ ６ ５ ４ ３ ２ １
+---------------------------+
|v香v桂v銀v金v玉 ・v銀v桂v香|一
| ・v飛 ・ ・ ・ ・v金v角 ・|二
|v歩 ・v歩v歩v歩v歩 ・v歩v歩|三
| ・ ・ ・ ・ ・ ・v歩 ・ ・|四
| ・v歩 ・ ・ ・ ・ ・ ・ ・|五
| ・ ・ 歩 ・ ・ ・ ・ ・ ・|六
| 歩 ・ ・ 歩 歩 歩 歩 歩 歩|七
| ・ 角 ・ ・ ・ ・ ・ 飛 ・|八
| 香 桂 銀 金 玉 金 銀 桂 香|九
+---------------------------+
先手の持駒：
SFEN: lnsgk1snl/1r4gb1/p1pppp1pp/6p2/1p7/2P6/P2PPPPPP/1B5R1/LNSGKGSNL b p 9
==================================================
[実盤面] 2025-04-13 18:41:24
後手の持駒：　歩
  ９ ８ ７ ６ ５ ４ ３ ２ １
+---------------------------+
|v香v桂v銀v金v玉 ・v銀v桂v香|一
| ・v飛 ・ ・ ・ ・v金 馬 ・|二
|v歩 ・v歩v歩v歩v歩 ・v歩v歩|三
| ・ ・ ・ ・ ・ ・v歩 ・ ・|四
| ・v歩 ・ ・ ・ ・ ・ ・ ・|五
| ・ ・ 歩 ・ ・ ・ ・ ・ ・|六
| 歩 ・ ・ 歩 歩 歩 歩 歩 歩|七
| ・ ・ ・ ・ ・ ・ ・ 飛 ・|八
| 香 桂 銀 金 玉 金 銀 桂 香|九
+---------------------------+
先手の持駒：　角
SFEN: lnsgk1snl/1r4g+B1/p1pppp1pp/6p2/1p7/2P6/P2PPPPPP/7R1/LNSGKGSNL w Bp 10
==================================================
[実盤面] 2025-04-13 18:41:27
後手の持駒：　角　歩
  ９ ８ ７ ６ ５ ４ ３ ２ １
+---------------------------+
|v香v桂v銀v金v玉 ・ ・v桂v香|一
| ・v飛 ・ ・ ・ ・v金v銀 ・|二
|v歩 ・v歩v歩v歩v歩 ・v歩v歩|三
| ・ ・ ・ ・ ・ ・v歩 ・ ・|四
| ・v歩 ・ ・ ・ ・ ・ ・ ・|五
| ・ ・ 歩 ・ ・ ・ ・ ・ ・|六
| 歩 ・ ・ 歩 歩 歩 歩 歩 歩|七
| ・ ・ ・ ・ ・ ・ ・ 飛 ・|八
| 香 桂 銀 金 玉 金 銀 桂 香|九
+---------------------------+
先手の持駒：　角
SFEN: lnsgk2nl/1r4gs1/p1pppp1pp/6p2/1p7/2P6/P2PPPPPP/7R1/LNSGKGSNL b Bbp 11
==================================================
[実盤面] 2025-04-13 18:41:29
後手の持駒：　角　歩
  ９ ８ ７ ６ ５ ４ ３ ２ １
+---------------------------+
|v香v桂v銀v金v玉 ・ ・v桂v香|一
| ・v飛 ・ ・ ・ ・v金v銀 ・|二
|v歩 ・v歩v歩v歩v歩 ・v歩v歩|三
| ・ ・ ・ ・ ・ ・v歩 ・ ・|四
| ・v歩 ・ ・ ・ ・ ・ ・ ・|五
| ・ ・ 歩 ・ ・ ・ ・ ・ ・|六
| 歩 ・ ・ 歩 歩 歩 歩 歩 歩|七
| ・ 飛 ・ ・ ・ ・ ・ ・ ・|八
| 香 桂 銀 金 玉 金 銀 桂 香|九
+---------------------------+
先手の持駒：　角
SFEN: lnsgk2nl/1r4gs1/p1pppp1pp/6p2/1p7/2P6/P2PPPPPP/1R7/LNSGKGSNL w Bbp 12
==================================================
[実盤面] 2025-04-13 18:41:33
後手の持駒：　歩
  ９ ８ ７ ６ ５ ４ ３ ２ １
+---------------------------+
|v香v桂v銀v金v玉 ・ ・v桂v香|一
| ・v飛 ・ ・ ・ ・v金v銀 ・|二
|v歩 ・v歩v歩v歩v歩 ・v歩v歩|三
| ・ ・ ・ ・ ・ ・v歩 ・ ・|四
| ・v歩 ・ ・ ・ ・ ・ ・ ・|五
| ・v角 歩 ・ ・ ・ ・ ・ ・|六
| 歩 ・ ・ 歩 歩 歩 歩 歩 歩|七
| ・ 飛 ・ ・ ・ ・ ・ ・ ・|八
| 香 桂 銀 金 玉 金 銀 桂 香|九
+---------------------------+
先手の持駒：　角
SFEN: lnsgk2nl/1r4gs1/p1pppp1pp/6p2/1p7/1bP6/P2PPPPPP/1R7/LNSGKGSNL b Bp 13
==================================================
[実盤面] 2025-04-13 18:41:35
後手の持駒：　歩
  ９ ８ ７ ６ ５ ４ ３ ２ １
+---------------------------+
|v香v桂v銀v金v玉 ・ ・v桂v香|一
| ・v飛 ・ ・ ・ ・v金v銀 ・|二
|v歩 ・v歩v歩v歩v歩 ・v歩v歩|三
| ・ ・ ・ ・ ・ ・v歩 ・ ・|四
| ・v歩 ・ ・ ・ ・ ・ ・ ・|五
| ・ 飛 歩 ・ ・ ・ ・ ・ ・|六
| 歩 ・ ・ 歩 歩 歩 歩 歩 歩|七
| ・ ・ ・ ・ ・ ・ ・ ・ ・|八
| 香 桂 銀 金 玉 金 銀 桂 香|九
+---------------------------+
先手の持駒：　角二
SFEN: lnsgk2nl/1r4gs1/p1pppp1pp/6p2/1p7/1RP6/P2PPPPPP/9/LNSGKGSNL w 2Bp 14
==================================================
[実盤面] 2025-04-13 18:41:38
後手の持駒：　飛　歩
  ９ ８ ７ ６ ５ ４ ３ ２ １
+---------------------------+
|v香v桂v銀v金v玉 ・ ・v桂v香|一
| ・v飛 ・ ・ ・ ・v金v銀 ・|二
|v歩 ・v歩v歩v歩v歩 ・v歩v歩|三
| ・ ・ ・ ・ ・ ・v歩 ・ ・|四
| ・ ・ ・ ・ ・ ・ ・ ・ ・|五
| ・v歩 歩 ・ ・ ・ ・ ・ ・|六
| 歩 ・ ・ 歩 歩 歩 歩 歩 歩|七
| ・ ・ ・ ・ ・ ・ ・ ・ ・|八
| 香 桂 銀 金 玉 金 銀 桂 香|九
+---------------------------+
先手の持駒：　角二
SFEN: lnsgk2nl/1r4gs1/p1pppp1pp/6p2/9/1pP6/P2PPPPPP/9/LNSGKGSNL b 2Brp 15
==================================================
[実盤面] 2025-04-13 18:41:39
後手の持駒：　飛　歩
  ９ ８ ７ ６ ５ ４ ３ ２ １
+---------------------------+
|v香v桂v銀v金v玉 ・ ・v桂v香|一
| ・v飛 ・ ・ ・ ・v金v銀 ・|二
|v歩 ・v歩v歩v歩v歩 ・v歩v歩|三
| ・ ・ ・ ・ ・ ・v歩 ・ ・|四
| ・ ・ ・ ・ ・ ・ ・ ・ ・|五
| ・v歩 歩 ・ ・ ・ ・ ・ ・|六
| 歩 ・ 桂 歩 歩 歩 歩 歩 歩|七
| ・ ・ ・ ・ ・ ・ ・ ・ ・|八
| 香 ・ 銀 金 玉 金 銀 桂 香|九
+---------------------------+
先手の持駒：　角二
SFEN: lnsgk2nl/1r4gs1/p1pppp1pp/6p2/9/1pP6/P1NPPPPPP/9/L1SGKGSNL w 2Brp 16
==================================================
[実盤面] 2025-04-13 18:41:43
後手の持駒：　飛　歩
  ９ ８ ７ ６ ５ ４ ３ ２ １
+---------------------------+
|v香v桂v銀v金 ・ ・ ・v桂v香|一
| ・v飛 ・ ・ ・v玉v金v銀 ・|二
|v歩 ・v歩v歩v歩v歩 ・v歩v歩|三
| ・ ・ ・ ・ ・ ・v歩 ・ ・|四
| ・ ・ ・ ・ ・ ・ ・ ・ ・|五
| ・v歩 歩 ・ ・ ・ ・ ・ ・|六
| 歩 ・ 桂 歩 歩 歩 歩 歩 歩|七
| ・ ・ ・ ・ ・ ・ ・ ・ ・|八
| 香 ・ 銀 金 玉 金 銀 桂 香|九
+---------------------------+
先手の持駒：　角二
SFEN: lnsg3nl/1r3kgs1/p1pppp1pp/6p2/9/1pP6/P1NPPPPPP/9/L1SGKGSNL b 2Brp 17
==================================================
[実盤面] 2025-04-13 18:41:44
後手の持駒：　飛　歩
  ９ ８ ７ ６ ５ ４ ３ ２ １
+---------------------------+
|v香v桂v銀v金 ・ ・ ・v桂v香|一
| ・v飛 ・ ・ ・v玉v金v銀 ・|二
|v歩 ・v歩v歩v歩v歩 ・v歩v歩|三
| ・ ・ ・ ・ ・ ・v歩 ・ ・|四
| ・ 桂 ・ ・ ・ ・ ・ ・ ・|五
| ・v歩 歩 ・ ・ ・ ・ ・ ・|六
| 歩 ・ ・ 歩 歩 歩 歩 歩 歩|七
| ・ ・ ・ ・ ・ ・ ・ ・ ・|八
| 香 ・ 銀 金 玉 金 銀 桂 香|九
+---------------------------+
先手の持駒：　角二
SFEN: lnsg3nl/1r3kgs1/p1pppp1pp/6p2/1N7/1pP6/P2PPPPPP/9/L1SGKGSNL w 2Brp 18
==================================================
[実盤面] 2025-04-13 18:41:48
後手の持駒：　飛　桂　歩
  ９ ８ ７ ６ ５ ４ ３ ２ １
+---------------------------+
|v香v桂v銀v金 ・ ・ ・v桂v香|一
| ・ ・ ・ ・ ・v玉v金v銀 ・|二
|v歩 ・v歩v歩v歩v歩 ・v歩v歩|三
| ・ ・ ・ ・ ・ ・v歩 ・ ・|四
| ・v飛 ・ ・ ・ ・ ・ ・ ・|五
| ・v歩 歩 ・ ・ ・ ・ ・ ・|六
| 歩 ・ ・ 歩 歩 歩 歩 歩 歩|七
| ・ ・ ・ ・ ・ ・ ・ ・ ・|八
| 香 ・ 銀 金 玉 金 銀 桂 香|九
+---------------------------+
先手の持駒：　角二
SFEN: lnsg3nl/5kgs1/p1pppp1pp/6p2/1r7/1pP6/P2PPPPPP/9/L1SGKGSNL b 2Brnp 19
==================================================
[実盤面] 2025-04-13 18:41:49
後手の持駒：　飛　桂　歩
  ９ ８ ７ ６ ５ ４ ３ ２ １
+---------------------------+
|v香v桂v銀v金 ・ ・ ・v桂v香|一
| ・ ・ ・ ・ ・v玉v金v銀 ・|二
|v歩 ・v歩v歩v歩v歩 ・v歩v歩|三
| ・ ・ ・ ・ ・ ・v歩 ・ ・|四
| ・v飛 歩 ・ ・ ・ ・ ・ ・|五
| ・v歩 ・ ・ ・ ・ ・ ・ ・|六
| 歩 ・ ・ 歩 歩 歩 歩 歩 歩|七
| ・ ・ ・ ・ ・ ・ ・ ・ ・|八
| 香 ・ 銀 金 玉 金 銀 桂 香|九
+---------------------------+
先手の持駒：　角二
SFEN: lnsg3nl/5kgs1/p1pppp1pp/6p2/1rP6/1p7/P2PPPPPP/9/L1SGKGSNL w 2Brnp 20
==================================================
[実盤面] 2025-04-13 18:41:53
後手の持駒：　飛　桂　歩
  ９ ８ ７ ６ ５ ４ ３ ２ １
+---------------------------+
|v香v桂v銀v金 ・ ・ ・v桂v香|一
| ・ ・ ・ ・ ・v玉v金v銀 ・|二
|v歩 ・v歩v歩v歩v歩 ・v歩v歩|三
| ・ ・ ・ ・ ・ ・v歩 ・ ・|四
| ・v飛 歩 ・ ・ ・ ・ ・ ・|五
| ・v歩 ・ ・ ・ ・ ・ ・ ・|六
| 歩 ・ ・ 歩 歩 歩 歩 歩 歩|七
| ・ ・ ・ ・ ・v玉 ・ ・ ・|八
| 香 ・ 銀 金 ・ 金 銀 桂 香|九
+---------------------------+
先手の持駒：　角二
SFEN: lnsg3nl/5kgs1/p1pppp1pp/6p2/1rP6/1p7/P2PPPPPP/5k3/L1SG1GSNL b 2Brnp 21
==================================================
